[2026-05-06T04:06:20.306+0000] {local_task_job_runner.py:123} INFO - ::group::Pre task execution logs
[2026-05-06T04:06:20.313+0000] {taskinstance.py:2612} INFO - Dependencies all met for dep_context=non-requeueable deps ti=<TaskInstance: ml_training_pipeline.train_model manual__2026-05-06T04:06:12.974733+00:00 [queued]>
[2026-05-06T04:06:20.318+0000] {taskinstance.py:2612} INFO - Dependencies all met for dep_context=requeueable deps ti=<TaskInstance: ml_training_pipeline.train_model manual__2026-05-06T04:06:12.974733+00:00 [queued]>
[2026-05-06T04:06:20.318+0000] {taskinstance.py:2865} INFO - Starting attempt 1 of 2
[2026-05-06T04:06:20.332+0000] {taskinstance.py:2888} INFO - Executing <Task(PythonOperator): train_model> on 2026-05-06 04:06:12.974733+00:00
[2026-05-06T04:06:20.336+0000] {standard_task_runner.py:72} INFO - Started process 11623 to run task
[2026-05-06T04:06:20.340+0000] {standard_task_runner.py:104} INFO - Running: ['airflow', 'tasks', 'run', 'ml_training_pipeline', 'train_model', 'manual__2026-05-06T04:06:12.974733+00:00', '--job-id', '24', '--raw', '--subdir', 'DAGS_FOLDER/ml_pipeline_dag.py', '--cfg-path', '/tmp/tmpi1sowlvw']
[2026-05-06T04:06:20.341+0000] {standard_task_runner.py:105} INFO - Job 24: Subtask train_model
[2026-05-06T04:06:20.370+0000] {task_command.py:467} INFO - Running <TaskInstance: ml_training_pipeline.train_model manual__2026-05-06T04:06:12.974733+00:00 [running]> on host ip-172-31-93-78.ec2.internal
[2026-05-06T04:06:20.425+0000] {taskinstance.py:3131} INFO - Exporting env vars: AIRFLOW_CTX_DAG_OWNER='airflow' AIRFLOW_CTX_DAG_ID='ml_training_pipeline' AIRFLOW_CTX_TASK_ID='train_model' AIRFLOW_CTX_EXECUTION_DATE='2026-05-06T04:06:12.974733+00:00' AIRFLOW_CTX_TRY_NUMBER='1' AIRFLOW_CTX_DAG_RUN_ID='manual__2026-05-06T04:06:12.974733+00:00'
[2026-05-06T04:06:20.425+0000] {taskinstance.py:731} INFO - ::endgroup::
[2026-05-06T04:06:20.469+0000] {logging_mixin.py:190} INFO - [ml_pipeline.model] Saved test features to data/test_features.csv
[2026-05-06T04:06:20.540+0000] {logging_mixin.py:190} WARNING - /home/ec2-user/environment/Asynchronous_AI_inference_system/venv/lib64/python3.12/site-packages/sklearn/linear_model/_logistic.py:469 ConvergenceWarning: lbfgs failed to converge (status=1):
STOP: TOTAL NO. OF ITERATIONS REACHED LIMIT.

Increase the number of iterations (max_iter) or scale the data as shown in:
    https://scikit-learn.org/stable/modules/preprocessing.html
Please also refer to the documentation for alternative solver options:
    https://scikit-learn.org/stable/modules/linear_model.html#logistic-regression
[2026-05-06T04:06:20.545+0000] {logging_mixin.py:190} INFO - [ml_pipeline.model] Model accuracy: 0.9561
[2026-05-06T04:06:20.550+0000] {logging_mixin.py:190} INFO - [ml_pipeline.model] Saved model to models/20260505_230620_breast_cancer_model.pkl
[2026-05-06T04:06:20.550+0000] {python.py:240} INFO - Done. Returned value was: 0.956140350877193
[2026-05-06T04:06:20.574+0000] {taskinstance.py:340} INFO - ::group::Post task execution logs
[2026-05-06T04:06:20.574+0000] {taskinstance.py:352} INFO - Marking task as SUCCESS. dag_id=ml_training_pipeline, task_id=train_model, run_id=manual__2026-05-06T04:06:12.974733+00:00, execution_date=20260506T040612, start_date=20260506T040620, end_date=20260506T040620
[2026-05-06T04:06:20.598+0000] {local_task_job_runner.py:266} INFO - Task exited with return code 0
[2026-05-06T04:06:20.615+0000] {taskinstance.py:3900} INFO - 1 downstream tasks scheduled from follow-on schedule check
[2026-05-06T04:06:20.620+0000] {local_task_job_runner.py:245} INFO - ::endgroup::
