[2026-05-05T05:56:48.269+0000] {processor.py:186} INFO - Started process (PID=8071) to work on /home/ec2-user/environment/Asynchronous_AI_inference_system/dags/ml_pipeline_dag.py
[2026-05-05T05:56:48.269+0000] {processor.py:914} INFO - Processing file /home/ec2-user/environment/Asynchronous_AI_inference_system/dags/ml_pipeline_dag.py for tasks to queue
[2026-05-05T05:56:48.270+0000] {logging_mixin.py:190} INFO - [2026-05-05T05:56:48.270+0000] {dagbag.py:588} INFO - Filling up the DagBag from /home/ec2-user/environment/Asynchronous_AI_inference_system/dags/ml_pipeline_dag.py
[2026-05-05T05:56:49.678+0000] {processor.py:925} INFO - DAG(s) 'ml_training_pipeline' retrieved from /home/ec2-user/environment/Asynchronous_AI_inference_system/dags/ml_pipeline_dag.py
[2026-05-05T05:56:49.758+0000] {logging_mixin.py:190} INFO - [2026-05-05T05:56:49.758+0000] {override.py:1930} INFO - Created Permission View: can read on DAG:ml_training_pipeline
[2026-05-05T05:56:49.768+0000] {logging_mixin.py:190} INFO - [2026-05-05T05:56:49.767+0000] {override.py:1930} INFO - Created Permission View: can edit on DAG:ml_training_pipeline
[2026-05-05T05:56:49.775+0000] {logging_mixin.py:190} INFO - [2026-05-05T05:56:49.775+0000] {override.py:1930} INFO - Created Permission View: can delete on DAG:ml_training_pipeline
[2026-05-05T05:56:49.787+0000] {logging_mixin.py:190} INFO - [2026-05-05T05:56:49.787+0000] {override.py:1930} INFO - Created Permission View: can read on DAG Run:ml_training_pipeline
[2026-05-05T05:56:49.796+0000] {logging_mixin.py:190} INFO - [2026-05-05T05:56:49.796+0000] {override.py:1930} INFO - Created Permission View: menu access on DAG Run:ml_training_pipeline
[2026-05-05T05:56:49.803+0000] {logging_mixin.py:190} INFO - [2026-05-05T05:56:49.803+0000] {override.py:1930} INFO - Created Permission View: can create on DAG Run:ml_training_pipeline
[2026-05-05T05:56:49.811+0000] {logging_mixin.py:190} INFO - [2026-05-05T05:56:49.810+0000] {override.py:1930} INFO - Created Permission View: can delete on DAG Run:ml_training_pipeline
[2026-05-05T05:56:49.811+0000] {logging_mixin.py:190} INFO - [2026-05-05T05:56:49.811+0000] {dag.py:3239} INFO - Sync 1 DAGs
[2026-05-05T05:56:49.820+0000] {logging_mixin.py:190} INFO - [2026-05-05T05:56:49.819+0000] {dag.py:3262} INFO - Creating ORM DAG for ml_training_pipeline
[2026-05-05T05:56:49.820+0000] {logging_mixin.py:190} INFO - [2026-05-05T05:56:49.820+0000] {dag.py:4180} INFO - Setting next_dagrun for ml_training_pipeline to None, run_after=None
[2026-05-05T05:56:49.834+0000] {processor.py:208} INFO - Processing /home/ec2-user/environment/Asynchronous_AI_inference_system/dags/ml_pipeline_dag.py took 1.570 seconds
[2026-05-05T05:57:20.884+0000] {processor.py:186} INFO - Started process (PID=8131) to work on /home/ec2-user/environment/Asynchronous_AI_inference_system/dags/ml_pipeline_dag.py
[2026-05-05T05:57:20.885+0000] {processor.py:914} INFO - Processing file /home/ec2-user/environment/Asynchronous_AI_inference_system/dags/ml_pipeline_dag.py for tasks to queue
[2026-05-05T05:57:20.885+0000] {logging_mixin.py:190} INFO - [2026-05-05T05:57:20.885+0000] {dagbag.py:588} INFO - Filling up the DagBag from /home/ec2-user/environment/Asynchronous_AI_inference_system/dags/ml_pipeline_dag.py
[2026-05-05T05:57:22.280+0000] {processor.py:925} INFO - DAG(s) 'ml_training_pipeline' retrieved from /home/ec2-user/environment/Asynchronous_AI_inference_system/dags/ml_pipeline_dag.py
[2026-05-05T05:57:22.294+0000] {logging_mixin.py:190} INFO - [2026-05-05T05:57:22.294+0000] {dag.py:3239} INFO - Sync 1 DAGs
[2026-05-05T05:57:22.302+0000] {logging_mixin.py:190} INFO - [2026-05-05T05:57:22.302+0000] {dag.py:4180} INFO - Setting next_dagrun for ml_training_pipeline to None, run_after=None
[2026-05-05T05:57:22.318+0000] {processor.py:208} INFO - Processing /home/ec2-user/environment/Asynchronous_AI_inference_system/dags/ml_pipeline_dag.py took 1.438 seconds
[2026-05-05T05:57:52.515+0000] {processor.py:186} INFO - Started process (PID=8148) to work on /home/ec2-user/environment/Asynchronous_AI_inference_system/dags/ml_pipeline_dag.py
[2026-05-05T05:57:52.516+0000] {processor.py:914} INFO - Processing file /home/ec2-user/environment/Asynchronous_AI_inference_system/dags/ml_pipeline_dag.py for tasks to queue
[2026-05-05T05:57:52.517+0000] {logging_mixin.py:190} INFO - [2026-05-05T05:57:52.516+0000] {dagbag.py:588} INFO - Filling up the DagBag from /home/ec2-user/environment/Asynchronous_AI_inference_system/dags/ml_pipeline_dag.py
[2026-05-05T05:57:53.901+0000] {processor.py:925} INFO - DAG(s) 'ml_training_pipeline' retrieved from /home/ec2-user/environment/Asynchronous_AI_inference_system/dags/ml_pipeline_dag.py
[2026-05-05T05:57:53.915+0000] {logging_mixin.py:190} INFO - [2026-05-05T05:57:53.914+0000] {dag.py:3239} INFO - Sync 1 DAGs
[2026-05-05T05:57:53.923+0000] {logging_mixin.py:190} INFO - [2026-05-05T05:57:53.923+0000] {dag.py:4180} INFO - Setting next_dagrun for ml_training_pipeline to None, run_after=None
[2026-05-05T05:57:53.938+0000] {processor.py:208} INFO - Processing /home/ec2-user/environment/Asynchronous_AI_inference_system/dags/ml_pipeline_dag.py took 1.428 seconds
[2026-05-05T05:58:24.141+0000] {processor.py:186} INFO - Started process (PID=8225) to work on /home/ec2-user/environment/Asynchronous_AI_inference_system/dags/ml_pipeline_dag.py
[2026-05-05T05:58:24.143+0000] {processor.py:914} INFO - Processing file /home/ec2-user/environment/Asynchronous_AI_inference_system/dags/ml_pipeline_dag.py for tasks to queue
[2026-05-05T05:58:24.143+0000] {logging_mixin.py:190} INFO - [2026-05-05T05:58:24.143+0000] {dagbag.py:588} INFO - Filling up the DagBag from /home/ec2-user/environment/Asynchronous_AI_inference_system/dags/ml_pipeline_dag.py
[2026-05-05T05:58:25.548+0000] {processor.py:925} INFO - DAG(s) 'ml_training_pipeline' retrieved from /home/ec2-user/environment/Asynchronous_AI_inference_system/dags/ml_pipeline_dag.py
[2026-05-05T05:58:25.561+0000] {logging_mixin.py:190} INFO - [2026-05-05T05:58:25.560+0000] {dag.py:3239} INFO - Sync 1 DAGs
[2026-05-05T05:58:25.569+0000] {logging_mixin.py:190} INFO - [2026-05-05T05:58:25.569+0000] {dag.py:4180} INFO - Setting next_dagrun for ml_training_pipeline to None, run_after=None
[2026-05-05T05:58:25.585+0000] {processor.py:208} INFO - Processing /home/ec2-user/environment/Asynchronous_AI_inference_system/dags/ml_pipeline_dag.py took 1.448 seconds
[2026-05-05T05:58:55.768+0000] {processor.py:186} INFO - Started process (PID=8242) to work on /home/ec2-user/environment/Asynchronous_AI_inference_system/dags/ml_pipeline_dag.py
[2026-05-05T05:58:55.769+0000] {processor.py:914} INFO - Processing file /home/ec2-user/environment/Asynchronous_AI_inference_system/dags/ml_pipeline_dag.py for tasks to queue
[2026-05-05T05:58:55.770+0000] {logging_mixin.py:190} INFO - [2026-05-05T05:58:55.769+0000] {dagbag.py:588} INFO - Filling up the DagBag from /home/ec2-user/environment/Asynchronous_AI_inference_system/dags/ml_pipeline_dag.py
[2026-05-05T05:58:57.149+0000] {processor.py:925} INFO - DAG(s) 'ml_training_pipeline' retrieved from /home/ec2-user/environment/Asynchronous_AI_inference_system/dags/ml_pipeline_dag.py
[2026-05-05T05:58:57.162+0000] {logging_mixin.py:190} INFO - [2026-05-05T05:58:57.162+0000] {dag.py:3239} INFO - Sync 1 DAGs
[2026-05-05T05:58:57.171+0000] {logging_mixin.py:190} INFO - [2026-05-05T05:58:57.171+0000] {dag.py:4180} INFO - Setting next_dagrun for ml_training_pipeline to None, run_after=None
[2026-05-05T05:58:57.186+0000] {processor.py:208} INFO - Processing /home/ec2-user/environment/Asynchronous_AI_inference_system/dags/ml_pipeline_dag.py took 1.423 seconds
[2026-05-05T05:59:27.394+0000] {processor.py:186} INFO - Started process (PID=8271) to work on /home/ec2-user/environment/Asynchronous_AI_inference_system/dags/ml_pipeline_dag.py
[2026-05-05T05:59:27.395+0000] {processor.py:914} INFO - Processing file /home/ec2-user/environment/Asynchronous_AI_inference_system/dags/ml_pipeline_dag.py for tasks to queue
[2026-05-05T05:59:27.396+0000] {logging_mixin.py:190} INFO - [2026-05-05T05:59:27.396+0000] {dagbag.py:588} INFO - Filling up the DagBag from /home/ec2-user/environment/Asynchronous_AI_inference_system/dags/ml_pipeline_dag.py
[2026-05-05T05:59:28.792+0000] {processor.py:925} INFO - DAG(s) 'ml_training_pipeline' retrieved from /home/ec2-user/environment/Asynchronous_AI_inference_system/dags/ml_pipeline_dag.py
[2026-05-05T05:59:28.805+0000] {logging_mixin.py:190} INFO - [2026-05-05T05:59:28.805+0000] {dag.py:3239} INFO - Sync 1 DAGs
[2026-05-05T05:59:28.813+0000] {logging_mixin.py:190} INFO - [2026-05-05T05:59:28.813+0000] {dag.py:4180} INFO - Setting next_dagrun for ml_training_pipeline to None, run_after=None
[2026-05-05T05:59:28.829+0000] {processor.py:208} INFO - Processing /home/ec2-user/environment/Asynchronous_AI_inference_system/dags/ml_pipeline_dag.py took 1.439 seconds
[2026-05-05T05:59:59.021+0000] {processor.py:186} INFO - Started process (PID=8288) to work on /home/ec2-user/environment/Asynchronous_AI_inference_system/dags/ml_pipeline_dag.py
[2026-05-05T05:59:59.022+0000] {processor.py:914} INFO - Processing file /home/ec2-user/environment/Asynchronous_AI_inference_system/dags/ml_pipeline_dag.py for tasks to queue
[2026-05-05T05:59:59.023+0000] {logging_mixin.py:190} INFO - [2026-05-05T05:59:59.023+0000] {dagbag.py:588} INFO - Filling up the DagBag from /home/ec2-user/environment/Asynchronous_AI_inference_system/dags/ml_pipeline_dag.py
[2026-05-05T06:00:00.433+0000] {processor.py:925} INFO - DAG(s) 'ml_training_pipeline' retrieved from /home/ec2-user/environment/Asynchronous_AI_inference_system/dags/ml_pipeline_dag.py
[2026-05-05T06:00:00.447+0000] {logging_mixin.py:190} INFO - [2026-05-05T06:00:00.446+0000] {dag.py:3239} INFO - Sync 1 DAGs
[2026-05-05T06:00:00.455+0000] {logging_mixin.py:190} INFO - [2026-05-05T06:00:00.455+0000] {dag.py:4180} INFO - Setting next_dagrun for ml_training_pipeline to None, run_after=None
[2026-05-05T06:00:00.472+0000] {processor.py:208} INFO - Processing /home/ec2-user/environment/Asynchronous_AI_inference_system/dags/ml_pipeline_dag.py took 1.455 seconds
[2026-05-05T06:00:30.650+0000] {processor.py:186} INFO - Started process (PID=8371) to work on /home/ec2-user/environment/Asynchronous_AI_inference_system/dags/ml_pipeline_dag.py
[2026-05-05T06:00:30.651+0000] {processor.py:914} INFO - Processing file /home/ec2-user/environment/Asynchronous_AI_inference_system/dags/ml_pipeline_dag.py for tasks to queue
[2026-05-05T06:00:30.652+0000] {logging_mixin.py:190} INFO - [2026-05-05T06:00:30.652+0000] {dagbag.py:588} INFO - Filling up the DagBag from /home/ec2-user/environment/Asynchronous_AI_inference_system/dags/ml_pipeline_dag.py
[2026-05-05T06:00:32.048+0000] {processor.py:925} INFO - DAG(s) 'ml_training_pipeline' retrieved from /home/ec2-user/environment/Asynchronous_AI_inference_system/dags/ml_pipeline_dag.py
[2026-05-05T06:00:32.061+0000] {logging_mixin.py:190} INFO - [2026-05-05T06:00:32.061+0000] {dag.py:3239} INFO - Sync 1 DAGs
[2026-05-05T06:00:32.070+0000] {logging_mixin.py:190} INFO - [2026-05-05T06:00:32.070+0000] {dag.py:4180} INFO - Setting next_dagrun for ml_training_pipeline to None, run_after=None
[2026-05-05T06:00:32.086+0000] {processor.py:208} INFO - Processing /home/ec2-user/environment/Asynchronous_AI_inference_system/dags/ml_pipeline_dag.py took 1.440 seconds
[2026-05-05T06:01:02.278+0000] {processor.py:186} INFO - Started process (PID=8424) to work on /home/ec2-user/environment/Asynchronous_AI_inference_system/dags/ml_pipeline_dag.py
[2026-05-05T06:01:02.278+0000] {processor.py:914} INFO - Processing file /home/ec2-user/environment/Asynchronous_AI_inference_system/dags/ml_pipeline_dag.py for tasks to queue
[2026-05-05T06:01:02.279+0000] {logging_mixin.py:190} INFO - [2026-05-05T06:01:02.279+0000] {dagbag.py:588} INFO - Filling up the DagBag from /home/ec2-user/environment/Asynchronous_AI_inference_system/dags/ml_pipeline_dag.py
[2026-05-05T06:01:03.668+0000] {processor.py:925} INFO - DAG(s) 'ml_training_pipeline' retrieved from /home/ec2-user/environment/Asynchronous_AI_inference_system/dags/ml_pipeline_dag.py
[2026-05-05T06:01:03.681+0000] {logging_mixin.py:190} INFO - [2026-05-05T06:01:03.680+0000] {dag.py:3239} INFO - Sync 1 DAGs
[2026-05-05T06:01:03.690+0000] {logging_mixin.py:190} INFO - [2026-05-05T06:01:03.690+0000] {dag.py:4180} INFO - Setting next_dagrun for ml_training_pipeline to None, run_after=None
[2026-05-05T06:01:03.706+0000] {processor.py:208} INFO - Processing /home/ec2-user/environment/Asynchronous_AI_inference_system/dags/ml_pipeline_dag.py took 1.432 seconds
[2026-05-05T06:01:33.906+0000] {processor.py:186} INFO - Started process (PID=8445) to work on /home/ec2-user/environment/Asynchronous_AI_inference_system/dags/ml_pipeline_dag.py
[2026-05-05T06:01:33.907+0000] {processor.py:914} INFO - Processing file /home/ec2-user/environment/Asynchronous_AI_inference_system/dags/ml_pipeline_dag.py for tasks to queue
[2026-05-05T06:01:33.908+0000] {logging_mixin.py:190} INFO - [2026-05-05T06:01:33.908+0000] {dagbag.py:588} INFO - Filling up the DagBag from /home/ec2-user/environment/Asynchronous_AI_inference_system/dags/ml_pipeline_dag.py
[2026-05-05T06:01:35.309+0000] {processor.py:925} INFO - DAG(s) 'ml_training_pipeline' retrieved from /home/ec2-user/environment/Asynchronous_AI_inference_system/dags/ml_pipeline_dag.py
[2026-05-05T06:01:35.323+0000] {logging_mixin.py:190} INFO - [2026-05-05T06:01:35.323+0000] {dag.py:3239} INFO - Sync 1 DAGs
[2026-05-05T06:01:35.331+0000] {logging_mixin.py:190} INFO - [2026-05-05T06:01:35.331+0000] {dag.py:4180} INFO - Setting next_dagrun for ml_training_pipeline to None, run_after=None
[2026-05-05T06:01:35.347+0000] {processor.py:208} INFO - Processing /home/ec2-user/environment/Asynchronous_AI_inference_system/dags/ml_pipeline_dag.py took 1.445 seconds
[2026-05-05T06:02:05.534+0000] {processor.py:186} INFO - Started process (PID=8487) to work on /home/ec2-user/environment/Asynchronous_AI_inference_system/dags/ml_pipeline_dag.py
[2026-05-05T06:02:05.535+0000] {processor.py:914} INFO - Processing file /home/ec2-user/environment/Asynchronous_AI_inference_system/dags/ml_pipeline_dag.py for tasks to queue
[2026-05-05T06:02:05.536+0000] {logging_mixin.py:190} INFO - [2026-05-05T06:02:05.536+0000] {dagbag.py:588} INFO - Filling up the DagBag from /home/ec2-user/environment/Asynchronous_AI_inference_system/dags/ml_pipeline_dag.py
[2026-05-05T06:02:06.932+0000] {processor.py:925} INFO - DAG(s) 'ml_training_pipeline' retrieved from /home/ec2-user/environment/Asynchronous_AI_inference_system/dags/ml_pipeline_dag.py
[2026-05-05T06:02:06.945+0000] {logging_mixin.py:190} INFO - [2026-05-05T06:02:06.945+0000] {dag.py:3239} INFO - Sync 1 DAGs
[2026-05-05T06:02:06.953+0000] {logging_mixin.py:190} INFO - [2026-05-05T06:02:06.953+0000] {dag.py:4180} INFO - Setting next_dagrun for ml_training_pipeline to None, run_after=None
[2026-05-05T06:02:06.969+0000] {processor.py:208} INFO - Processing /home/ec2-user/environment/Asynchronous_AI_inference_system/dags/ml_pipeline_dag.py took 1.439 seconds
[2026-05-05T06:02:37.086+0000] {processor.py:186} INFO - Started process (PID=8584) to work on /home/ec2-user/environment/Asynchronous_AI_inference_system/dags/ml_pipeline_dag.py
[2026-05-05T06:02:37.086+0000] {processor.py:914} INFO - Processing file /home/ec2-user/environment/Asynchronous_AI_inference_system/dags/ml_pipeline_dag.py for tasks to queue
[2026-05-05T06:02:37.087+0000] {logging_mixin.py:190} INFO - [2026-05-05T06:02:37.087+0000] {dagbag.py:588} INFO - Filling up the DagBag from /home/ec2-user/environment/Asynchronous_AI_inference_system/dags/ml_pipeline_dag.py
[2026-05-05T06:02:38.486+0000] {processor.py:925} INFO - DAG(s) 'ml_training_pipeline' retrieved from /home/ec2-user/environment/Asynchronous_AI_inference_system/dags/ml_pipeline_dag.py
[2026-05-05T06:02:38.499+0000] {logging_mixin.py:190} INFO - [2026-05-05T06:02:38.499+0000] {dag.py:3239} INFO - Sync 1 DAGs
[2026-05-05T06:02:38.508+0000] {logging_mixin.py:190} INFO - [2026-05-05T06:02:38.508+0000] {dag.py:4180} INFO - Setting next_dagrun for ml_training_pipeline to None, run_after=None
[2026-05-05T06:02:38.523+0000] {processor.py:208} INFO - Processing /home/ec2-user/environment/Asynchronous_AI_inference_system/dags/ml_pipeline_dag.py took 1.442 seconds
[2026-05-05T06:03:08.677+0000] {processor.py:186} INFO - Started process (PID=8613) to work on /home/ec2-user/environment/Asynchronous_AI_inference_system/dags/ml_pipeline_dag.py
[2026-05-05T06:03:08.678+0000] {processor.py:914} INFO - Processing file /home/ec2-user/environment/Asynchronous_AI_inference_system/dags/ml_pipeline_dag.py for tasks to queue
[2026-05-05T06:03:08.679+0000] {logging_mixin.py:190} INFO - [2026-05-05T06:03:08.678+0000] {dagbag.py:588} INFO - Filling up the DagBag from /home/ec2-user/environment/Asynchronous_AI_inference_system/dags/ml_pipeline_dag.py
[2026-05-05T06:03:10.087+0000] {processor.py:925} INFO - DAG(s) 'ml_training_pipeline' retrieved from /home/ec2-user/environment/Asynchronous_AI_inference_system/dags/ml_pipeline_dag.py
[2026-05-05T06:03:10.100+0000] {logging_mixin.py:190} INFO - [2026-05-05T06:03:10.099+0000] {dag.py:3239} INFO - Sync 1 DAGs
[2026-05-05T06:03:10.108+0000] {logging_mixin.py:190} INFO - [2026-05-05T06:03:10.108+0000] {dag.py:4180} INFO - Setting next_dagrun for ml_training_pipeline to None, run_after=None
[2026-05-05T06:03:10.123+0000] {processor.py:208} INFO - Processing /home/ec2-user/environment/Asynchronous_AI_inference_system/dags/ml_pipeline_dag.py took 1.451 seconds
[2026-05-05T06:03:40.284+0000] {processor.py:186} INFO - Started process (PID=8683) to work on /home/ec2-user/environment/Asynchronous_AI_inference_system/dags/ml_pipeline_dag.py
[2026-05-05T06:03:40.285+0000] {processor.py:914} INFO - Processing file /home/ec2-user/environment/Asynchronous_AI_inference_system/dags/ml_pipeline_dag.py for tasks to queue
[2026-05-05T06:03:40.286+0000] {logging_mixin.py:190} INFO - [2026-05-05T06:03:40.285+0000] {dagbag.py:588} INFO - Filling up the DagBag from /home/ec2-user/environment/Asynchronous_AI_inference_system/dags/ml_pipeline_dag.py
[2026-05-05T06:03:41.697+0000] {processor.py:925} INFO - DAG(s) 'ml_training_pipeline' retrieved from /home/ec2-user/environment/Asynchronous_AI_inference_system/dags/ml_pipeline_dag.py
[2026-05-05T06:03:41.711+0000] {logging_mixin.py:190} INFO - [2026-05-05T06:03:41.710+0000] {dag.py:3239} INFO - Sync 1 DAGs
[2026-05-05T06:03:41.719+0000] {logging_mixin.py:190} INFO - [2026-05-05T06:03:41.719+0000] {dag.py:4180} INFO - Setting next_dagrun for ml_training_pipeline to None, run_after=None
[2026-05-05T06:03:41.734+0000] {processor.py:208} INFO - Processing /home/ec2-user/environment/Asynchronous_AI_inference_system/dags/ml_pipeline_dag.py took 1.455 seconds
[2026-05-05T06:04:11.920+0000] {processor.py:186} INFO - Started process (PID=8726) to work on /home/ec2-user/environment/Asynchronous_AI_inference_system/dags/ml_pipeline_dag.py
[2026-05-05T06:04:11.920+0000] {processor.py:914} INFO - Processing file /home/ec2-user/environment/Asynchronous_AI_inference_system/dags/ml_pipeline_dag.py for tasks to queue
[2026-05-05T06:04:11.922+0000] {logging_mixin.py:190} INFO - [2026-05-05T06:04:11.921+0000] {dagbag.py:588} INFO - Filling up the DagBag from /home/ec2-user/environment/Asynchronous_AI_inference_system/dags/ml_pipeline_dag.py
[2026-05-05T06:04:25.613+0000] {processor.py:186} INFO - Started process (PID=8762) to work on /home/ec2-user/environment/Asynchronous_AI_inference_system/dags/ml_pipeline_dag.py
[2026-05-05T06:04:25.614+0000] {processor.py:914} INFO - Processing file /home/ec2-user/environment/Asynchronous_AI_inference_system/dags/ml_pipeline_dag.py for tasks to queue
[2026-05-05T06:04:25.615+0000] {logging_mixin.py:190} INFO - [2026-05-05T06:04:25.615+0000] {dagbag.py:588} INFO - Filling up the DagBag from /home/ec2-user/environment/Asynchronous_AI_inference_system/dags/ml_pipeline_dag.py
[2026-05-05T06:04:27.017+0000] {processor.py:925} INFO - DAG(s) 'ml_training_pipeline' retrieved from /home/ec2-user/environment/Asynchronous_AI_inference_system/dags/ml_pipeline_dag.py
[2026-05-05T06:04:27.030+0000] {logging_mixin.py:190} INFO - [2026-05-05T06:04:27.030+0000] {dag.py:3239} INFO - Sync 1 DAGs
[2026-05-05T06:04:27.039+0000] {logging_mixin.py:190} INFO - [2026-05-05T06:04:27.039+0000] {dag.py:4180} INFO - Setting next_dagrun for ml_training_pipeline to None, run_after=None
[2026-05-05T06:04:27.056+0000] {processor.py:208} INFO - Processing /home/ec2-user/environment/Asynchronous_AI_inference_system/dags/ml_pipeline_dag.py took 1.447 seconds
[2026-05-05T06:04:57.866+0000] {processor.py:186} INFO - Started process (PID=8783) to work on /home/ec2-user/environment/Asynchronous_AI_inference_system/dags/ml_pipeline_dag.py
[2026-05-05T06:04:57.868+0000] {processor.py:914} INFO - Processing file /home/ec2-user/environment/Asynchronous_AI_inference_system/dags/ml_pipeline_dag.py for tasks to queue
[2026-05-05T06:04:57.869+0000] {logging_mixin.py:190} INFO - [2026-05-05T06:04:57.868+0000] {dagbag.py:588} INFO - Filling up the DagBag from /home/ec2-user/environment/Asynchronous_AI_inference_system/dags/ml_pipeline_dag.py
[2026-05-05T06:04:59.291+0000] {processor.py:925} INFO - DAG(s) 'ml_training_pipeline' retrieved from /home/ec2-user/environment/Asynchronous_AI_inference_system/dags/ml_pipeline_dag.py
[2026-05-05T06:04:59.305+0000] {logging_mixin.py:190} INFO - [2026-05-05T06:04:59.305+0000] {dag.py:3239} INFO - Sync 1 DAGs
[2026-05-05T06:04:59.313+0000] {logging_mixin.py:190} INFO - [2026-05-05T06:04:59.313+0000] {dag.py:4180} INFO - Setting next_dagrun for ml_training_pipeline to None, run_after=None
[2026-05-05T06:04:59.329+0000] {processor.py:208} INFO - Processing /home/ec2-user/environment/Asynchronous_AI_inference_system/dags/ml_pipeline_dag.py took 1.467 seconds
[2026-05-05T06:05:30.340+0000] {processor.py:186} INFO - Started process (PID=8891) to work on /home/ec2-user/environment/Asynchronous_AI_inference_system/dags/ml_pipeline_dag.py
[2026-05-05T06:05:30.340+0000] {processor.py:914} INFO - Processing file /home/ec2-user/environment/Asynchronous_AI_inference_system/dags/ml_pipeline_dag.py for tasks to queue
[2026-05-05T06:05:30.341+0000] {logging_mixin.py:190} INFO - [2026-05-05T06:05:30.341+0000] {dagbag.py:588} INFO - Filling up the DagBag from /home/ec2-user/environment/Asynchronous_AI_inference_system/dags/ml_pipeline_dag.py
[2026-05-05T06:05:31.750+0000] {processor.py:925} INFO - DAG(s) 'ml_training_pipeline' retrieved from /home/ec2-user/environment/Asynchronous_AI_inference_system/dags/ml_pipeline_dag.py
[2026-05-05T06:05:31.764+0000] {logging_mixin.py:190} INFO - [2026-05-05T06:05:31.763+0000] {dag.py:3239} INFO - Sync 1 DAGs
[2026-05-05T06:05:31.772+0000] {logging_mixin.py:190} INFO - [2026-05-05T06:05:31.772+0000] {dag.py:4180} INFO - Setting next_dagrun for ml_training_pipeline to None, run_after=None
[2026-05-05T06:05:31.787+0000] {processor.py:208} INFO - Processing /home/ec2-user/environment/Asynchronous_AI_inference_system/dags/ml_pipeline_dag.py took 1.452 seconds
[2026-05-05T06:06:01.962+0000] {processor.py:186} INFO - Started process (PID=8920) to work on /home/ec2-user/environment/Asynchronous_AI_inference_system/dags/ml_pipeline_dag.py
[2026-05-05T06:06:01.963+0000] {processor.py:914} INFO - Processing file /home/ec2-user/environment/Asynchronous_AI_inference_system/dags/ml_pipeline_dag.py for tasks to queue
[2026-05-05T06:06:01.964+0000] {logging_mixin.py:190} INFO - [2026-05-05T06:06:01.963+0000] {dagbag.py:588} INFO - Filling up the DagBag from /home/ec2-user/environment/Asynchronous_AI_inference_system/dags/ml_pipeline_dag.py
[2026-05-05T06:06:03.349+0000] {processor.py:925} INFO - DAG(s) 'ml_training_pipeline' retrieved from /home/ec2-user/environment/Asynchronous_AI_inference_system/dags/ml_pipeline_dag.py
[2026-05-05T06:06:03.362+0000] {logging_mixin.py:190} INFO - [2026-05-05T06:06:03.362+0000] {dag.py:3239} INFO - Sync 1 DAGs
[2026-05-05T06:06:03.370+0000] {logging_mixin.py:190} INFO - [2026-05-05T06:06:03.370+0000] {dag.py:4180} INFO - Setting next_dagrun for ml_training_pipeline to None, run_after=None
[2026-05-05T06:06:03.385+0000] {processor.py:208} INFO - Processing /home/ec2-user/environment/Asynchronous_AI_inference_system/dags/ml_pipeline_dag.py took 1.429 seconds
[2026-05-05T06:06:33.587+0000] {processor.py:186} INFO - Started process (PID=8938) to work on /home/ec2-user/environment/Asynchronous_AI_inference_system/dags/ml_pipeline_dag.py
[2026-05-05T06:06:33.588+0000] {processor.py:914} INFO - Processing file /home/ec2-user/environment/Asynchronous_AI_inference_system/dags/ml_pipeline_dag.py for tasks to queue
[2026-05-05T06:06:33.589+0000] {logging_mixin.py:190} INFO - [2026-05-05T06:06:33.589+0000] {dagbag.py:588} INFO - Filling up the DagBag from /home/ec2-user/environment/Asynchronous_AI_inference_system/dags/ml_pipeline_dag.py
[2026-05-05T06:06:34.973+0000] {processor.py:925} INFO - DAG(s) 'ml_training_pipeline' retrieved from /home/ec2-user/environment/Asynchronous_AI_inference_system/dags/ml_pipeline_dag.py
[2026-05-05T06:06:34.986+0000] {logging_mixin.py:190} INFO - [2026-05-05T06:06:34.986+0000] {dag.py:3239} INFO - Sync 1 DAGs
[2026-05-05T06:06:34.995+0000] {logging_mixin.py:190} INFO - [2026-05-05T06:06:34.995+0000] {dag.py:4180} INFO - Setting next_dagrun for ml_training_pipeline to None, run_after=None
[2026-05-05T06:06:35.010+0000] {processor.py:208} INFO - Processing /home/ec2-user/environment/Asynchronous_AI_inference_system/dags/ml_pipeline_dag.py took 1.428 seconds
[2026-05-05T06:07:05.214+0000] {processor.py:186} INFO - Started process (PID=8963) to work on /home/ec2-user/environment/Asynchronous_AI_inference_system/dags/ml_pipeline_dag.py
[2026-05-05T06:07:05.214+0000] {processor.py:914} INFO - Processing file /home/ec2-user/environment/Asynchronous_AI_inference_system/dags/ml_pipeline_dag.py for tasks to queue
[2026-05-05T06:07:05.215+0000] {logging_mixin.py:190} INFO - [2026-05-05T06:07:05.215+0000] {dagbag.py:588} INFO - Filling up the DagBag from /home/ec2-user/environment/Asynchronous_AI_inference_system/dags/ml_pipeline_dag.py
[2026-05-05T06:07:06.614+0000] {processor.py:925} INFO - DAG(s) 'ml_training_pipeline' retrieved from /home/ec2-user/environment/Asynchronous_AI_inference_system/dags/ml_pipeline_dag.py
[2026-05-05T06:07:06.627+0000] {logging_mixin.py:190} INFO - [2026-05-05T06:07:06.627+0000] {dag.py:3239} INFO - Sync 1 DAGs
[2026-05-05T06:07:06.635+0000] {logging_mixin.py:190} INFO - [2026-05-05T06:07:06.635+0000] {dag.py:4180} INFO - Setting next_dagrun for ml_training_pipeline to None, run_after=None
[2026-05-05T06:07:06.652+0000] {processor.py:208} INFO - Processing /home/ec2-user/environment/Asynchronous_AI_inference_system/dags/ml_pipeline_dag.py took 1.442 seconds
[2026-05-05T06:07:36.840+0000] {processor.py:186} INFO - Started process (PID=9039) to work on /home/ec2-user/environment/Asynchronous_AI_inference_system/dags/ml_pipeline_dag.py
[2026-05-05T06:07:36.841+0000] {processor.py:914} INFO - Processing file /home/ec2-user/environment/Asynchronous_AI_inference_system/dags/ml_pipeline_dag.py for tasks to queue
[2026-05-05T06:07:36.842+0000] {logging_mixin.py:190} INFO - [2026-05-05T06:07:36.842+0000] {dagbag.py:588} INFO - Filling up the DagBag from /home/ec2-user/environment/Asynchronous_AI_inference_system/dags/ml_pipeline_dag.py
[2026-05-05T06:07:38.237+0000] {processor.py:925} INFO - DAG(s) 'ml_training_pipeline' retrieved from /home/ec2-user/environment/Asynchronous_AI_inference_system/dags/ml_pipeline_dag.py
[2026-05-05T06:07:38.250+0000] {logging_mixin.py:190} INFO - [2026-05-05T06:07:38.250+0000] {dag.py:3239} INFO - Sync 1 DAGs
[2026-05-05T06:07:38.258+0000] {logging_mixin.py:190} INFO - [2026-05-05T06:07:38.258+0000] {dag.py:4180} INFO - Setting next_dagrun for ml_training_pipeline to None, run_after=None
[2026-05-05T06:07:38.273+0000] {processor.py:208} INFO - Processing /home/ec2-user/environment/Asynchronous_AI_inference_system/dags/ml_pipeline_dag.py took 1.437 seconds
[2026-05-05T06:08:08.462+0000] {processor.py:186} INFO - Started process (PID=9091) to work on /home/ec2-user/environment/Asynchronous_AI_inference_system/dags/ml_pipeline_dag.py
[2026-05-05T06:08:08.463+0000] {processor.py:914} INFO - Processing file /home/ec2-user/environment/Asynchronous_AI_inference_system/dags/ml_pipeline_dag.py for tasks to queue
[2026-05-05T06:08:08.464+0000] {logging_mixin.py:190} INFO - [2026-05-05T06:08:08.463+0000] {dagbag.py:588} INFO - Filling up the DagBag from /home/ec2-user/environment/Asynchronous_AI_inference_system/dags/ml_pipeline_dag.py
[2026-05-05T06:08:09.862+0000] {processor.py:925} INFO - DAG(s) 'ml_training_pipeline' retrieved from /home/ec2-user/environment/Asynchronous_AI_inference_system/dags/ml_pipeline_dag.py
[2026-05-05T06:08:09.875+0000] {logging_mixin.py:190} INFO - [2026-05-05T06:08:09.874+0000] {dag.py:3239} INFO - Sync 1 DAGs
[2026-05-05T06:08:09.884+0000] {logging_mixin.py:190} INFO - [2026-05-05T06:08:09.884+0000] {dag.py:4180} INFO - Setting next_dagrun for ml_training_pipeline to None, run_after=None
[2026-05-05T06:08:09.899+0000] {processor.py:208} INFO - Processing /home/ec2-user/environment/Asynchronous_AI_inference_system/dags/ml_pipeline_dag.py took 1.441 seconds
[2026-05-05T06:08:40.644+0000] {processor.py:186} INFO - Started process (PID=9127) to work on /home/ec2-user/environment/Asynchronous_AI_inference_system/dags/ml_pipeline_dag.py
[2026-05-05T06:08:40.644+0000] {processor.py:914} INFO - Processing file /home/ec2-user/environment/Asynchronous_AI_inference_system/dags/ml_pipeline_dag.py for tasks to queue
[2026-05-05T06:08:40.645+0000] {logging_mixin.py:190} INFO - [2026-05-05T06:08:40.645+0000] {dagbag.py:588} INFO - Filling up the DagBag from /home/ec2-user/environment/Asynchronous_AI_inference_system/dags/ml_pipeline_dag.py
[2026-05-05T06:08:42.052+0000] {processor.py:925} INFO - DAG(s) 'ml_training_pipeline' retrieved from /home/ec2-user/environment/Asynchronous_AI_inference_system/dags/ml_pipeline_dag.py
[2026-05-05T06:08:42.066+0000] {logging_mixin.py:190} INFO - [2026-05-05T06:08:42.066+0000] {dag.py:3239} INFO - Sync 1 DAGs
[2026-05-05T06:08:42.075+0000] {logging_mixin.py:190} INFO - [2026-05-05T06:08:42.074+0000] {dag.py:4180} INFO - Setting next_dagrun for ml_training_pipeline to None, run_after=None
[2026-05-05T06:08:42.090+0000] {processor.py:208} INFO - Processing /home/ec2-user/environment/Asynchronous_AI_inference_system/dags/ml_pipeline_dag.py took 1.451 seconds
[2026-05-05T06:09:12.940+0000] {processor.py:186} INFO - Started process (PID=9174) to work on /home/ec2-user/environment/Asynchronous_AI_inference_system/dags/ml_pipeline_dag.py
[2026-05-05T06:09:12.941+0000] {processor.py:914} INFO - Processing file /home/ec2-user/environment/Asynchronous_AI_inference_system/dags/ml_pipeline_dag.py for tasks to queue
[2026-05-05T06:09:12.942+0000] {logging_mixin.py:190} INFO - [2026-05-05T06:09:12.942+0000] {dagbag.py:588} INFO - Filling up the DagBag from /home/ec2-user/environment/Asynchronous_AI_inference_system/dags/ml_pipeline_dag.py
[2026-05-05T06:09:14.349+0000] {processor.py:925} INFO - DAG(s) 'ml_training_pipeline' retrieved from /home/ec2-user/environment/Asynchronous_AI_inference_system/dags/ml_pipeline_dag.py
[2026-05-05T06:09:14.362+0000] {logging_mixin.py:190} INFO - [2026-05-05T06:09:14.362+0000] {dag.py:3239} INFO - Sync 1 DAGs
[2026-05-05T06:09:14.371+0000] {logging_mixin.py:190} INFO - [2026-05-05T06:09:14.371+0000] {dag.py:4180} INFO - Setting next_dagrun for ml_training_pipeline to None, run_after=None
[2026-05-05T06:09:14.387+0000] {processor.py:208} INFO - Processing /home/ec2-user/environment/Asynchronous_AI_inference_system/dags/ml_pipeline_dag.py took 1.451 seconds
