[2026-05-05T05:51:14.559+0000] {manager.py:483} INFO - Processing files using up to 1 processes at a time 
[2026-05-05T05:51:14.559+0000] {manager.py:484} INFO - Process each file at most once every 30 seconds
[2026-05-05T05:51:14.559+0000] {manager.py:485} INFO - Checking for new files in /home/ec2-user/environment/Asynchronous_AI_inference_system/dags every 300 seconds
[2026-05-05T05:51:14.559+0000] {manager.py:821} INFO - Searching for files in /home/ec2-user/environment/Asynchronous_AI_inference_system/dags
[2026-05-05T05:51:14.560+0000] {manager.py:824} INFO - There are 0 files in /home/ec2-user/environment/Asynchronous_AI_inference_system/dags
[2026-05-05T05:52:45.052+0000] {manager.py:465} INFO - Exiting gracefully upon receiving signal 15
[2026-05-05T05:53:04.763+0000] {manager.py:483} INFO - Processing files using up to 1 processes at a time 
[2026-05-05T05:53:04.764+0000] {manager.py:484} INFO - Process each file at most once every 30 seconds
[2026-05-05T05:53:04.764+0000] {manager.py:485} INFO - Checking for new files in /home/ec2-user/environment/Asynchronous_AI_inference_system/dags every 300 seconds
[2026-05-05T05:53:04.764+0000] {manager.py:821} INFO - Searching for files in /home/ec2-user/environment/Asynchronous_AI_inference_system/dags
[2026-05-05T05:53:04.765+0000] {manager.py:824} INFO - There are 0 files in /home/ec2-user/environment/Asynchronous_AI_inference_system/dags
[2026-05-05T05:56:41.332+0000] {manager.py:465} INFO - Exiting gracefully upon receiving signal 15
[2026-05-05T05:56:48.220+0000] {manager.py:483} INFO - Processing files using up to 1 processes at a time 
[2026-05-05T05:56:48.221+0000] {manager.py:484} INFO - Process each file at most once every 30 seconds
[2026-05-05T05:56:48.221+0000] {manager.py:485} INFO - Checking for new files in /home/ec2-user/environment/Asynchronous_AI_inference_system/dags every 300 seconds
[2026-05-05T05:56:48.221+0000] {manager.py:821} INFO - Searching for files in /home/ec2-user/environment/Asynchronous_AI_inference_system/dags
[2026-05-05T05:56:48.224+0000] {manager.py:824} INFO - There are 1 files in /home/ec2-user/environment/Asynchronous_AI_inference_system/dags
[2026-05-05T05:56:49.867+0000] {manager.py:997} INFO - 
================================================================================
DAG File Processing Stats

File Path                                                                            PID    Runtime      # DAGs    # Errors  Last Runtime    Last Run               Last # of DB Queries
-----------------------------------------------------------------------------------  -----  ---------  --------  ----------  --------------  -------------------  ----------------------
/home/ec2-user/environment/Asynchronous_AI_inference_system/dags/ml_pipeline_dag.py                           1           0  1.61s           2026-05-05T05:56:49                      43
================================================================================
[2026-05-05T05:57:22.381+0000] {manager.py:997} INFO - 
================================================================================
DAG File Processing Stats

File Path                                                                            PID    Runtime      # DAGs    # Errors  Last Runtime    Last Run               Last # of DB Queries
-----------------------------------------------------------------------------------  -----  ---------  --------  ----------  --------------  -------------------  ----------------------
/home/ec2-user/environment/Asynchronous_AI_inference_system/dags/ml_pipeline_dag.py                           1           0  1.51s           2026-05-05T05:57:22                      10
================================================================================
[2026-05-05T05:57:54.012+0000] {manager.py:997} INFO - 
================================================================================
DAG File Processing Stats

File Path                                                                            PID    Runtime      # DAGs    # Errors  Last Runtime    Last Run               Last # of DB Queries
-----------------------------------------------------------------------------------  -----  ---------  --------  ----------  --------------  -------------------  ----------------------
/home/ec2-user/environment/Asynchronous_AI_inference_system/dags/ml_pipeline_dag.py                           1           0  1.51s           2026-05-05T05:57:54                      10
================================================================================
[2026-05-05T05:58:25.636+0000] {manager.py:997} INFO - 
================================================================================
DAG File Processing Stats

File Path                                                                            PID    Runtime      # DAGs    # Errors  Last Runtime    Last Run               Last # of DB Queries
-----------------------------------------------------------------------------------  -----  ---------  --------  ----------  --------------  -------------------  ----------------------
/home/ec2-user/environment/Asynchronous_AI_inference_system/dags/ml_pipeline_dag.py                           1           0  1.51s           2026-05-05T05:58:25                      10
================================================================================
[2026-05-05T05:58:57.264+0000] {manager.py:997} INFO - 
================================================================================
DAG File Processing Stats

File Path                                                                            PID    Runtime      # DAGs    # Errors  Last Runtime    Last Run               Last # of DB Queries
-----------------------------------------------------------------------------------  -----  ---------  --------  ----------  --------------  -------------------  ----------------------
/home/ec2-user/environment/Asynchronous_AI_inference_system/dags/ml_pipeline_dag.py                           1           0  1.51s           2026-05-05T05:58:57                      10
================================================================================
[2026-05-05T05:59:28.891+0000] {manager.py:997} INFO - 
================================================================================
DAG File Processing Stats

File Path                                                                            PID    Runtime      # DAGs    # Errors  Last Runtime    Last Run               Last # of DB Queries
-----------------------------------------------------------------------------------  -----  ---------  --------  ----------  --------------  -------------------  ----------------------
/home/ec2-user/environment/Asynchronous_AI_inference_system/dags/ml_pipeline_dag.py                           1           0  1.51s           2026-05-05T05:59:28                      10
================================================================================
[2026-05-05T06:00:00.518+0000] {manager.py:997} INFO - 
================================================================================
DAG File Processing Stats

File Path                                                                            PID    Runtime      # DAGs    # Errors  Last Runtime    Last Run               Last # of DB Queries
-----------------------------------------------------------------------------------  -----  ---------  --------  ----------  --------------  -------------------  ----------------------
/home/ec2-user/environment/Asynchronous_AI_inference_system/dags/ml_pipeline_dag.py                           1           0  1.51s           2026-05-05T06:00:00                      10
================================================================================
[2026-05-05T06:00:32.147+0000] {manager.py:997} INFO - 
================================================================================
DAG File Processing Stats

File Path                                                                            PID    Runtime      # DAGs    # Errors  Last Runtime    Last Run               Last # of DB Queries
-----------------------------------------------------------------------------------  -----  ---------  --------  ----------  --------------  -------------------  ----------------------
/home/ec2-user/environment/Asynchronous_AI_inference_system/dags/ml_pipeline_dag.py                           1           0  1.51s           2026-05-05T06:00:32                      10
================================================================================
[2026-05-05T06:01:03.774+0000] {manager.py:997} INFO - 
================================================================================
DAG File Processing Stats

File Path                                                                            PID    Runtime      # DAGs    # Errors  Last Runtime    Last Run               Last # of DB Queries
-----------------------------------------------------------------------------------  -----  ---------  --------  ----------  --------------  -------------------  ----------------------
/home/ec2-user/environment/Asynchronous_AI_inference_system/dags/ml_pipeline_dag.py                           1           0  1.51s           2026-05-05T06:01:03                      10
================================================================================
[2026-05-05T06:01:35.403+0000] {manager.py:997} INFO - 
================================================================================
DAG File Processing Stats

File Path                                                                            PID    Runtime      # DAGs    # Errors  Last Runtime    Last Run               Last # of DB Queries
-----------------------------------------------------------------------------------  -----  ---------  --------  ----------  --------------  -------------------  ----------------------
/home/ec2-user/environment/Asynchronous_AI_inference_system/dags/ml_pipeline_dag.py                           1           0  1.51s           2026-05-05T06:01:35                      10
================================================================================
[2026-05-05T06:01:48.335+0000] {manager.py:821} INFO - Searching for files in /home/ec2-user/environment/Asynchronous_AI_inference_system/dags
[2026-05-05T06:01:48.338+0000] {manager.py:824} INFO - There are 1 files in /home/ec2-user/environment/Asynchronous_AI_inference_system/dags
[2026-05-05T06:02:07.031+0000] {manager.py:997} INFO - 
================================================================================
DAG File Processing Stats

File Path                                                                            PID    Runtime      # DAGs    # Errors  Last Runtime    Last Run               Last # of DB Queries
-----------------------------------------------------------------------------------  -----  ---------  --------  ----------  --------------  -------------------  ----------------------
/home/ec2-user/environment/Asynchronous_AI_inference_system/dags/ml_pipeline_dag.py                           1           0  1.51s           2026-05-05T06:02:07                      10
================================================================================
[2026-05-05T06:02:38.582+0000] {manager.py:997} INFO - 
================================================================================
DAG File Processing Stats

File Path                                                                            PID    Runtime      # DAGs    # Errors  Last Runtime    Last Run               Last # of DB Queries
-----------------------------------------------------------------------------------  -----  ---------  --------  ----------  --------------  -------------------  ----------------------
/home/ec2-user/environment/Asynchronous_AI_inference_system/dags/ml_pipeline_dag.py                           1           0  1.51s           2026-05-05T06:02:38                      10
================================================================================
[2026-05-05T06:03:10.173+0000] {manager.py:997} INFO - 
================================================================================
DAG File Processing Stats

File Path                                                                            PID    Runtime      # DAGs    # Errors  Last Runtime    Last Run               Last # of DB Queries
-----------------------------------------------------------------------------------  -----  ---------  --------  ----------  --------------  -------------------  ----------------------
/home/ec2-user/environment/Asynchronous_AI_inference_system/dags/ml_pipeline_dag.py                           1           0  1.51s           2026-05-05T06:03:10                      10
================================================================================
[2026-05-05T06:03:41.780+0000] {manager.py:997} INFO - 
================================================================================
DAG File Processing Stats

File Path                                                                            PID    Runtime      # DAGs    # Errors  Last Runtime    Last Run               Last # of DB Queries
-----------------------------------------------------------------------------------  -----  ---------  --------  ----------  --------------  -------------------  ----------------------
/home/ec2-user/environment/Asynchronous_AI_inference_system/dags/ml_pipeline_dag.py                           1           0  1.51s           2026-05-05T06:03:41                      10
================================================================================
[2026-05-05T06:04:14.063+0000] {manager.py:465} INFO - Exiting gracefully upon receiving signal 15
[2026-05-05T06:04:14.075+0000] {manager.py:465} INFO - Exiting gracefully upon receiving signal 15
[2026-05-05T06:04:14.394+0000] {manager.py:465} INFO - Exiting gracefully upon receiving signal 15
[2026-05-05T06:04:25.569+0000] {manager.py:483} INFO - Processing files using up to 1 processes at a time 
[2026-05-05T06:04:25.570+0000] {manager.py:484} INFO - Process each file at most once every 30 seconds
[2026-05-05T06:04:25.570+0000] {manager.py:485} INFO - Checking for new files in /home/ec2-user/environment/Asynchronous_AI_inference_system/dags every 300 seconds
[2026-05-05T06:04:25.571+0000] {manager.py:821} INFO - Searching for files in /home/ec2-user/environment/Asynchronous_AI_inference_system/dags
[2026-05-05T06:04:25.573+0000] {manager.py:824} INFO - There are 1 files in /home/ec2-user/environment/Asynchronous_AI_inference_system/dags
[2026-05-05T06:04:27.111+0000] {manager.py:997} INFO - 
================================================================================
DAG File Processing Stats

File Path                                                                            PID    Runtime      # DAGs    # Errors  Last Runtime    Last Run               Last # of DB Queries
-----------------------------------------------------------------------------------  -----  ---------  --------  ----------  --------------  -------------------  ----------------------
/home/ec2-user/environment/Asynchronous_AI_inference_system/dags/ml_pipeline_dag.py                           1           0  1.51s           2026-05-05T06:04:27                      10
================================================================================
[2026-05-05T06:04:59.363+0000] {manager.py:997} INFO - 
================================================================================
DAG File Processing Stats

File Path                                                                            PID    Runtime      # DAGs    # Errors  Last Runtime    Last Run               Last # of DB Queries
-----------------------------------------------------------------------------------  -----  ---------  --------  ----------  --------------  -------------------  ----------------------
/home/ec2-user/environment/Asynchronous_AI_inference_system/dags/ml_pipeline_dag.py                           1           0  1.51s           2026-05-05T06:04:59                      10
================================================================================
[2026-05-05T06:05:31.836+0000] {manager.py:997} INFO - 
================================================================================
DAG File Processing Stats

File Path                                                                            PID    Runtime      # DAGs    # Errors  Last Runtime    Last Run               Last # of DB Queries
-----------------------------------------------------------------------------------  -----  ---------  --------  ----------  --------------  -------------------  ----------------------
/home/ec2-user/environment/Asynchronous_AI_inference_system/dags/ml_pipeline_dag.py                           1           0  1.51s           2026-05-05T06:05:31                      10
================================================================================
[2026-05-05T06:06:03.457+0000] {manager.py:997} INFO - 
================================================================================
DAG File Processing Stats

File Path                                                                            PID    Runtime      # DAGs    # Errors  Last Runtime    Last Run               Last # of DB Queries
-----------------------------------------------------------------------------------  -----  ---------  --------  ----------  --------------  -------------------  ----------------------
/home/ec2-user/environment/Asynchronous_AI_inference_system/dags/ml_pipeline_dag.py                           1           0  1.51s           2026-05-05T06:06:03                      10
================================================================================
[2026-05-05T06:06:35.083+0000] {manager.py:997} INFO - 
================================================================================
DAG File Processing Stats

File Path                                                                            PID    Runtime      # DAGs    # Errors  Last Runtime    Last Run               Last # of DB Queries
-----------------------------------------------------------------------------------  -----  ---------  --------  ----------  --------------  -------------------  ----------------------
/home/ec2-user/environment/Asynchronous_AI_inference_system/dags/ml_pipeline_dag.py                           1           0  1.51s           2026-05-05T06:06:35                      10
================================================================================
[2026-05-05T06:07:06.710+0000] {manager.py:997} INFO - 
================================================================================
DAG File Processing Stats

File Path                                                                            PID    Runtime      # DAGs    # Errors  Last Runtime    Last Run               Last # of DB Queries
-----------------------------------------------------------------------------------  -----  ---------  --------  ----------  --------------  -------------------  ----------------------
/home/ec2-user/environment/Asynchronous_AI_inference_system/dags/ml_pipeline_dag.py                           1           0  1.51s           2026-05-05T06:07:06                      10
================================================================================
[2026-05-05T06:07:38.337+0000] {manager.py:997} INFO - 
================================================================================
DAG File Processing Stats

File Path                                                                            PID    Runtime      # DAGs    # Errors  Last Runtime    Last Run               Last # of DB Queries
-----------------------------------------------------------------------------------  -----  ---------  --------  ----------  --------------  -------------------  ----------------------
/home/ec2-user/environment/Asynchronous_AI_inference_system/dags/ml_pipeline_dag.py                           1           0  1.51s           2026-05-05T06:07:38                      10
================================================================================
[2026-05-05T06:08:09.959+0000] {manager.py:997} INFO - 
================================================================================
DAG File Processing Stats

File Path                                                                            PID    Runtime      # DAGs    # Errors  Last Runtime    Last Run               Last # of DB Queries
-----------------------------------------------------------------------------------  -----  ---------  --------  ----------  --------------  -------------------  ----------------------
/home/ec2-user/environment/Asynchronous_AI_inference_system/dags/ml_pipeline_dag.py                           1           0  1.51s           2026-05-05T06:08:09                      10
================================================================================
[2026-05-05T06:08:42.140+0000] {manager.py:997} INFO - 
================================================================================
DAG File Processing Stats

File Path                                                                            PID    Runtime      # DAGs    # Errors  Last Runtime    Last Run               Last # of DB Queries
-----------------------------------------------------------------------------------  -----  ---------  --------  ----------  --------------  -------------------  ----------------------
/home/ec2-user/environment/Asynchronous_AI_inference_system/dags/ml_pipeline_dag.py                           1           0  1.51s           2026-05-05T06:08:42                      10
================================================================================
[2026-05-05T06:09:14.437+0000] {manager.py:997} INFO - 
================================================================================
DAG File Processing Stats

File Path                                                                            PID    Runtime      # DAGs    # Errors  Last Runtime    Last Run               Last # of DB Queries
-----------------------------------------------------------------------------------  -----  ---------  --------  ----------  --------------  -------------------  ----------------------
/home/ec2-user/environment/Asynchronous_AI_inference_system/dags/ml_pipeline_dag.py                           1           0  1.51s           2026-05-05T06:09:14                      10
================================================================================
[2026-05-05T06:09:25.702+0000] {manager.py:821} INFO - Searching for files in /home/ec2-user/environment/Asynchronous_AI_inference_system/dags
[2026-05-05T06:09:25.704+0000] {manager.py:824} INFO - There are 1 files in /home/ec2-user/environment/Asynchronous_AI_inference_system/dags
