[2026-05-06T04:07:02.531+0000] {local_task_job_runner.py:123} INFO - ::group::Pre task execution logs
[2026-05-06T04:07:02.539+0000] {taskinstance.py:2612} INFO - Dependencies all met for dep_context=non-requeueable deps ti=<TaskInstance: msg_sqs_pipeline.publish_to_sqs manual__2026-05-06T04:06:58.340325+00:00 [queued]>
[2026-05-06T04:07:02.546+0000] {taskinstance.py:2612} INFO - Dependencies all met for dep_context=requeueable deps ti=<TaskInstance: msg_sqs_pipeline.publish_to_sqs manual__2026-05-06T04:06:58.340325+00:00 [queued]>
[2026-05-06T04:07:02.546+0000] {taskinstance.py:2865} INFO - Starting attempt 1 of 2
[2026-05-06T04:07:02.683+0000] {taskinstance.py:2888} INFO - Executing <Task(PythonOperator): publish_to_sqs> on 2026-05-06 04:06:58.340325+00:00
[2026-05-06T04:07:02.688+0000] {standard_task_runner.py:72} INFO - Started process 11914 to run task
[2026-05-06T04:07:02.694+0000] {standard_task_runner.py:104} INFO - Running: ['airflow', 'tasks', 'run', 'msg_sqs_pipeline', 'publish_to_sqs', 'manual__2026-05-06T04:06:58.340325+00:00', '--job-id', '27', '--raw', '--subdir', 'DAGS_FOLDER/msg_sqs_dag.py', '--cfg-path', '/tmp/tmp_5udvxio']
[2026-05-06T04:07:02.696+0000] {standard_task_runner.py:105} INFO - Job 27: Subtask publish_to_sqs
[2026-05-06T04:07:02.741+0000] {task_command.py:467} INFO - Running <TaskInstance: msg_sqs_pipeline.publish_to_sqs manual__2026-05-06T04:06:58.340325+00:00 [running]> on host ip-172-31-93-78.ec2.internal
[2026-05-06T04:07:02.791+0000] {taskinstance.py:3131} INFO - Exporting env vars: AIRFLOW_CTX_DAG_OWNER='airflow' AIRFLOW_CTX_DAG_ID='msg_sqs_pipeline' AIRFLOW_CTX_TASK_ID='publish_to_sqs' AIRFLOW_CTX_EXECUTION_DATE='2026-05-06T04:06:58.340325+00:00' AIRFLOW_CTX_TRY_NUMBER='1' AIRFLOW_CTX_DAG_RUN_ID='manual__2026-05-06T04:06:58.340325+00:00'
[2026-05-06T04:07:02.791+0000] {taskinstance.py:731} INFO - ::endgroup::
[2026-05-06T04:07:02.810+0000] {logging_mixin.py:190} INFO - Loaded 114 rows from test dataset.
[2026-05-06T04:07:02.823+0000] {credentials.py:1278} INFO - Found credentials in shared credentials file: ~/.aws/credentials
[2026-05-06T04:07:03.826+0000] {logging_mixin.py:190} INFO - Successfully sent 114 messages to SQS!
[2026-05-06T04:07:03.827+0000] {python.py:240} INFO - Done. Returned value was: None
[2026-05-06T04:07:03.832+0000] {taskinstance.py:340} INFO - ::group::Post task execution logs
[2026-05-06T04:07:03.832+0000] {taskinstance.py:352} INFO - Marking task as SUCCESS. dag_id=msg_sqs_pipeline, task_id=publish_to_sqs, run_id=manual__2026-05-06T04:06:58.340325+00:00, execution_date=20260506T040658, start_date=20260506T040702, end_date=20260506T040703
[2026-05-06T04:07:03.852+0000] {local_task_job_runner.py:266} INFO - Task exited with return code 0
[2026-05-06T04:07:03.862+0000] {taskinstance.py:3900} INFO - 0 downstream tasks scheduled from follow-on schedule check
[2026-05-06T04:07:03.862+0000] {local_task_job_runner.py:245} INFO - ::endgroup::
