[2026-05-06T04:05:58.557+0000] {processor.py:186} INFO - Started process (PID=11471) to work on /home/ec2-user/environment/Asynchronous_AI_inference_system/dags/ml_pipeline_dag.py
[2026-05-06T04:05:58.557+0000] {processor.py:914} INFO - Processing file /home/ec2-user/environment/Asynchronous_AI_inference_system/dags/ml_pipeline_dag.py for tasks to queue
[2026-05-06T04:05:58.558+0000] {logging_mixin.py:190} INFO - [2026-05-06T04:05:58.558+0000] {dagbag.py:588} INFO - Filling up the DagBag from /home/ec2-user/environment/Asynchronous_AI_inference_system/dags/ml_pipeline_dag.py
[2026-05-06T04:06:00.017+0000] {processor.py:925} INFO - DAG(s) 'ml_training_pipeline' retrieved from /home/ec2-user/environment/Asynchronous_AI_inference_system/dags/ml_pipeline_dag.py
[2026-05-06T04:06:00.031+0000] {logging_mixin.py:190} INFO - [2026-05-06T04:06:00.030+0000] {dag.py:3239} INFO - Sync 1 DAGs
[2026-05-06T04:06:00.041+0000] {logging_mixin.py:190} INFO - [2026-05-06T04:06:00.040+0000] {dag.py:4180} INFO - Setting next_dagrun for ml_training_pipeline to None, run_after=None
[2026-05-06T04:06:00.058+0000] {processor.py:208} INFO - Processing /home/ec2-user/environment/Asynchronous_AI_inference_system/dags/ml_pipeline_dag.py took 1.507 seconds
[2026-05-06T04:06:31.261+0000] {processor.py:186} INFO - Started process (PID=11709) to work on /home/ec2-user/environment/Asynchronous_AI_inference_system/dags/ml_pipeline_dag.py
[2026-05-06T04:06:31.262+0000] {processor.py:914} INFO - Processing file /home/ec2-user/environment/Asynchronous_AI_inference_system/dags/ml_pipeline_dag.py for tasks to queue
[2026-05-06T04:06:31.264+0000] {logging_mixin.py:190} INFO - [2026-05-06T04:06:31.263+0000] {dagbag.py:588} INFO - Filling up the DagBag from /home/ec2-user/environment/Asynchronous_AI_inference_system/dags/ml_pipeline_dag.py
[2026-05-06T04:06:32.722+0000] {processor.py:925} INFO - DAG(s) 'ml_training_pipeline' retrieved from /home/ec2-user/environment/Asynchronous_AI_inference_system/dags/ml_pipeline_dag.py
[2026-05-06T04:06:32.736+0000] {logging_mixin.py:190} INFO - [2026-05-06T04:06:32.736+0000] {dag.py:3239} INFO - Sync 1 DAGs
[2026-05-06T04:06:32.745+0000] {logging_mixin.py:190} INFO - [2026-05-06T04:06:32.745+0000] {dag.py:4180} INFO - Setting next_dagrun for ml_training_pipeline to None, run_after=None
[2026-05-06T04:06:32.764+0000] {processor.py:208} INFO - Processing /home/ec2-user/environment/Asynchronous_AI_inference_system/dags/ml_pipeline_dag.py took 1.508 seconds
[2026-05-06T04:07:06.886+0000] {processor.py:186} INFO - Started process (PID=11946) to work on /home/ec2-user/environment/Asynchronous_AI_inference_system/dags/ml_pipeline_dag.py
[2026-05-06T04:07:06.887+0000] {processor.py:914} INFO - Processing file /home/ec2-user/environment/Asynchronous_AI_inference_system/dags/ml_pipeline_dag.py for tasks to queue
[2026-05-06T04:07:06.889+0000] {logging_mixin.py:190} INFO - [2026-05-06T04:07:06.888+0000] {dagbag.py:588} INFO - Filling up the DagBag from /home/ec2-user/environment/Asynchronous_AI_inference_system/dags/ml_pipeline_dag.py
[2026-05-06T04:07:08.214+0000] {processor.py:925} INFO - DAG(s) 'ml_training_pipeline' retrieved from /home/ec2-user/environment/Asynchronous_AI_inference_system/dags/ml_pipeline_dag.py
[2026-05-06T04:07:08.228+0000] {logging_mixin.py:190} INFO - [2026-05-06T04:07:08.228+0000] {dag.py:3239} INFO - Sync 1 DAGs
[2026-05-06T04:07:08.237+0000] {logging_mixin.py:190} INFO - [2026-05-06T04:07:08.237+0000] {dag.py:4180} INFO - Setting next_dagrun for ml_training_pipeline to None, run_after=None
[2026-05-06T04:07:08.254+0000] {processor.py:208} INFO - Processing /home/ec2-user/environment/Asynchronous_AI_inference_system/dags/ml_pipeline_dag.py took 1.373 seconds
[2026-05-06T04:07:38.978+0000] {processor.py:186} INFO - Started process (PID=12128) to work on /home/ec2-user/environment/Asynchronous_AI_inference_system/dags/ml_pipeline_dag.py
[2026-05-06T04:07:38.979+0000] {processor.py:914} INFO - Processing file /home/ec2-user/environment/Asynchronous_AI_inference_system/dags/ml_pipeline_dag.py for tasks to queue
[2026-05-06T04:07:38.980+0000] {logging_mixin.py:190} INFO - [2026-05-06T04:07:38.979+0000] {dagbag.py:588} INFO - Filling up the DagBag from /home/ec2-user/environment/Asynchronous_AI_inference_system/dags/ml_pipeline_dag.py
[2026-05-06T04:07:40.432+0000] {processor.py:925} INFO - DAG(s) 'ml_training_pipeline' retrieved from /home/ec2-user/environment/Asynchronous_AI_inference_system/dags/ml_pipeline_dag.py
[2026-05-06T04:07:40.446+0000] {logging_mixin.py:190} INFO - [2026-05-06T04:07:40.445+0000] {dag.py:3239} INFO - Sync 1 DAGs
[2026-05-06T04:07:40.455+0000] {logging_mixin.py:190} INFO - [2026-05-06T04:07:40.455+0000] {dag.py:4180} INFO - Setting next_dagrun for ml_training_pipeline to None, run_after=None
[2026-05-06T04:07:40.472+0000] {processor.py:208} INFO - Processing /home/ec2-user/environment/Asynchronous_AI_inference_system/dags/ml_pipeline_dag.py took 1.498 seconds
[2026-05-06T04:08:10.591+0000] {processor.py:186} INFO - Started process (PID=12399) to work on /home/ec2-user/environment/Asynchronous_AI_inference_system/dags/ml_pipeline_dag.py
[2026-05-06T04:08:10.592+0000] {processor.py:914} INFO - Processing file /home/ec2-user/environment/Asynchronous_AI_inference_system/dags/ml_pipeline_dag.py for tasks to queue
[2026-05-06T04:08:10.593+0000] {logging_mixin.py:190} INFO - [2026-05-06T04:08:10.593+0000] {dagbag.py:588} INFO - Filling up the DagBag from /home/ec2-user/environment/Asynchronous_AI_inference_system/dags/ml_pipeline_dag.py
[2026-05-06T04:08:12.009+0000] {processor.py:925} INFO - DAG(s) 'ml_training_pipeline' retrieved from /home/ec2-user/environment/Asynchronous_AI_inference_system/dags/ml_pipeline_dag.py
[2026-05-06T04:08:12.023+0000] {logging_mixin.py:190} INFO - [2026-05-06T04:08:12.023+0000] {dag.py:3239} INFO - Sync 1 DAGs
[2026-05-06T04:08:12.033+0000] {logging_mixin.py:190} INFO - [2026-05-06T04:08:12.032+0000] {dag.py:4180} INFO - Setting next_dagrun for ml_training_pipeline to None, run_after=None
[2026-05-06T04:08:12.050+0000] {processor.py:208} INFO - Processing /home/ec2-user/environment/Asynchronous_AI_inference_system/dags/ml_pipeline_dag.py took 1.464 seconds
[2026-05-06T04:08:42.192+0000] {processor.py:186} INFO - Started process (PID=12602) to work on /home/ec2-user/environment/Asynchronous_AI_inference_system/dags/ml_pipeline_dag.py
[2026-05-06T04:08:42.193+0000] {processor.py:914} INFO - Processing file /home/ec2-user/environment/Asynchronous_AI_inference_system/dags/ml_pipeline_dag.py for tasks to queue
[2026-05-06T04:08:42.194+0000] {logging_mixin.py:190} INFO - [2026-05-06T04:08:42.194+0000] {dagbag.py:588} INFO - Filling up the DagBag from /home/ec2-user/environment/Asynchronous_AI_inference_system/dags/ml_pipeline_dag.py
[2026-05-06T04:08:43.564+0000] {processor.py:925} INFO - DAG(s) 'ml_training_pipeline' retrieved from /home/ec2-user/environment/Asynchronous_AI_inference_system/dags/ml_pipeline_dag.py
[2026-05-06T04:08:43.578+0000] {logging_mixin.py:190} INFO - [2026-05-06T04:08:43.578+0000] {dag.py:3239} INFO - Sync 1 DAGs
[2026-05-06T04:08:43.588+0000] {logging_mixin.py:190} INFO - [2026-05-06T04:08:43.588+0000] {dag.py:4180} INFO - Setting next_dagrun for ml_training_pipeline to None, run_after=None
[2026-05-06T04:08:43.611+0000] {processor.py:208} INFO - Processing /home/ec2-user/environment/Asynchronous_AI_inference_system/dags/ml_pipeline_dag.py took 1.424 seconds
[2026-05-06T04:09:13.795+0000] {processor.py:186} INFO - Started process (PID=12813) to work on /home/ec2-user/environment/Asynchronous_AI_inference_system/dags/ml_pipeline_dag.py
[2026-05-06T04:09:13.796+0000] {processor.py:914} INFO - Processing file /home/ec2-user/environment/Asynchronous_AI_inference_system/dags/ml_pipeline_dag.py for tasks to queue
[2026-05-06T04:09:13.797+0000] {logging_mixin.py:190} INFO - [2026-05-06T04:09:13.797+0000] {dagbag.py:588} INFO - Filling up the DagBag from /home/ec2-user/environment/Asynchronous_AI_inference_system/dags/ml_pipeline_dag.py
[2026-05-06T04:09:15.160+0000] {processor.py:925} INFO - DAG(s) 'ml_training_pipeline' retrieved from /home/ec2-user/environment/Asynchronous_AI_inference_system/dags/ml_pipeline_dag.py
[2026-05-06T04:09:15.174+0000] {logging_mixin.py:190} INFO - [2026-05-06T04:09:15.174+0000] {dag.py:3239} INFO - Sync 1 DAGs
[2026-05-06T04:09:15.184+0000] {logging_mixin.py:190} INFO - [2026-05-06T04:09:15.183+0000] {dag.py:4180} INFO - Setting next_dagrun for ml_training_pipeline to None, run_after=None
[2026-05-06T04:09:15.203+0000] {processor.py:208} INFO - Processing /home/ec2-user/environment/Asynchronous_AI_inference_system/dags/ml_pipeline_dag.py took 1.412 seconds
[2026-05-06T04:09:45.372+0000] {processor.py:186} INFO - Started process (PID=12999) to work on /home/ec2-user/environment/Asynchronous_AI_inference_system/dags/ml_pipeline_dag.py
[2026-05-06T04:09:45.374+0000] {processor.py:914} INFO - Processing file /home/ec2-user/environment/Asynchronous_AI_inference_system/dags/ml_pipeline_dag.py for tasks to queue
[2026-05-06T04:09:45.375+0000] {logging_mixin.py:190} INFO - [2026-05-06T04:09:45.374+0000] {dagbag.py:588} INFO - Filling up the DagBag from /home/ec2-user/environment/Asynchronous_AI_inference_system/dags/ml_pipeline_dag.py
[2026-05-06T04:09:46.740+0000] {processor.py:925} INFO - DAG(s) 'ml_training_pipeline' retrieved from /home/ec2-user/environment/Asynchronous_AI_inference_system/dags/ml_pipeline_dag.py
[2026-05-06T04:09:46.754+0000] {logging_mixin.py:190} INFO - [2026-05-06T04:09:46.753+0000] {dag.py:3239} INFO - Sync 1 DAGs
[2026-05-06T04:09:46.764+0000] {logging_mixin.py:190} INFO - [2026-05-06T04:09:46.764+0000] {dag.py:4180} INFO - Setting next_dagrun for ml_training_pipeline to None, run_after=None
[2026-05-06T04:09:46.782+0000] {processor.py:208} INFO - Processing /home/ec2-user/environment/Asynchronous_AI_inference_system/dags/ml_pipeline_dag.py took 1.414 seconds
[2026-05-06T04:10:16.947+0000] {processor.py:186} INFO - Started process (PID=13257) to work on /home/ec2-user/environment/Asynchronous_AI_inference_system/dags/ml_pipeline_dag.py
[2026-05-06T04:10:16.947+0000] {processor.py:914} INFO - Processing file /home/ec2-user/environment/Asynchronous_AI_inference_system/dags/ml_pipeline_dag.py for tasks to queue
[2026-05-06T04:10:16.949+0000] {logging_mixin.py:190} INFO - [2026-05-06T04:10:16.948+0000] {dagbag.py:588} INFO - Filling up the DagBag from /home/ec2-user/environment/Asynchronous_AI_inference_system/dags/ml_pipeline_dag.py
[2026-05-06T04:10:18.305+0000] {processor.py:925} INFO - DAG(s) 'ml_training_pipeline' retrieved from /home/ec2-user/environment/Asynchronous_AI_inference_system/dags/ml_pipeline_dag.py
[2026-05-06T04:10:18.319+0000] {logging_mixin.py:190} INFO - [2026-05-06T04:10:18.319+0000] {dag.py:3239} INFO - Sync 1 DAGs
[2026-05-06T04:10:18.328+0000] {logging_mixin.py:190} INFO - [2026-05-06T04:10:18.328+0000] {dag.py:4180} INFO - Setting next_dagrun for ml_training_pipeline to None, run_after=None
[2026-05-06T04:10:18.346+0000] {processor.py:208} INFO - Processing /home/ec2-user/environment/Asynchronous_AI_inference_system/dags/ml_pipeline_dag.py took 1.404 seconds
[2026-05-06T04:10:48.520+0000] {processor.py:186} INFO - Started process (PID=13449) to work on /home/ec2-user/environment/Asynchronous_AI_inference_system/dags/ml_pipeline_dag.py
[2026-05-06T04:10:48.521+0000] {processor.py:914} INFO - Processing file /home/ec2-user/environment/Asynchronous_AI_inference_system/dags/ml_pipeline_dag.py for tasks to queue
[2026-05-06T04:10:48.522+0000] {logging_mixin.py:190} INFO - [2026-05-06T04:10:48.522+0000] {dagbag.py:588} INFO - Filling up the DagBag from /home/ec2-user/environment/Asynchronous_AI_inference_system/dags/ml_pipeline_dag.py
[2026-05-06T04:10:49.966+0000] {processor.py:925} INFO - DAG(s) 'ml_training_pipeline' retrieved from /home/ec2-user/environment/Asynchronous_AI_inference_system/dags/ml_pipeline_dag.py
[2026-05-06T04:10:49.981+0000] {logging_mixin.py:190} INFO - [2026-05-06T04:10:49.981+0000] {dag.py:3239} INFO - Sync 1 DAGs
[2026-05-06T04:10:49.990+0000] {logging_mixin.py:190} INFO - [2026-05-06T04:10:49.990+0000] {dag.py:4180} INFO - Setting next_dagrun for ml_training_pipeline to None, run_after=None
[2026-05-06T04:10:50.007+0000] {processor.py:208} INFO - Processing /home/ec2-user/environment/Asynchronous_AI_inference_system/dags/ml_pipeline_dag.py took 1.492 seconds
[2026-05-06T04:11:20.099+0000] {processor.py:186} INFO - Started process (PID=13662) to work on /home/ec2-user/environment/Asynchronous_AI_inference_system/dags/ml_pipeline_dag.py
[2026-05-06T04:11:20.100+0000] {processor.py:914} INFO - Processing file /home/ec2-user/environment/Asynchronous_AI_inference_system/dags/ml_pipeline_dag.py for tasks to queue
[2026-05-06T04:11:20.102+0000] {logging_mixin.py:190} INFO - [2026-05-06T04:11:20.101+0000] {dagbag.py:588} INFO - Filling up the DagBag from /home/ec2-user/environment/Asynchronous_AI_inference_system/dags/ml_pipeline_dag.py
[2026-05-06T04:11:21.557+0000] {processor.py:925} INFO - DAG(s) 'ml_training_pipeline' retrieved from /home/ec2-user/environment/Asynchronous_AI_inference_system/dags/ml_pipeline_dag.py
[2026-05-06T04:11:21.571+0000] {logging_mixin.py:190} INFO - [2026-05-06T04:11:21.571+0000] {dag.py:3239} INFO - Sync 1 DAGs
[2026-05-06T04:11:21.580+0000] {logging_mixin.py:190} INFO - [2026-05-06T04:11:21.580+0000] {dag.py:4180} INFO - Setting next_dagrun for ml_training_pipeline to None, run_after=None
[2026-05-06T04:11:21.597+0000] {processor.py:208} INFO - Processing /home/ec2-user/environment/Asynchronous_AI_inference_system/dags/ml_pipeline_dag.py took 1.502 seconds
[2026-05-06T04:11:51.690+0000] {processor.py:186} INFO - Started process (PID=13923) to work on /home/ec2-user/environment/Asynchronous_AI_inference_system/dags/ml_pipeline_dag.py
[2026-05-06T04:11:51.690+0000] {processor.py:914} INFO - Processing file /home/ec2-user/environment/Asynchronous_AI_inference_system/dags/ml_pipeline_dag.py for tasks to queue
[2026-05-06T04:11:51.691+0000] {logging_mixin.py:190} INFO - [2026-05-06T04:11:51.691+0000] {dagbag.py:588} INFO - Filling up the DagBag from /home/ec2-user/environment/Asynchronous_AI_inference_system/dags/ml_pipeline_dag.py
[2026-05-06T04:11:53.035+0000] {processor.py:925} INFO - DAG(s) 'ml_training_pipeline' retrieved from /home/ec2-user/environment/Asynchronous_AI_inference_system/dags/ml_pipeline_dag.py
[2026-05-06T04:11:53.049+0000] {logging_mixin.py:190} INFO - [2026-05-06T04:11:53.048+0000] {dag.py:3239} INFO - Sync 1 DAGs
[2026-05-06T04:11:53.058+0000] {logging_mixin.py:190} INFO - [2026-05-06T04:11:53.057+0000] {dag.py:4180} INFO - Setting next_dagrun for ml_training_pipeline to None, run_after=None
[2026-05-06T04:11:53.075+0000] {processor.py:208} INFO - Processing /home/ec2-user/environment/Asynchronous_AI_inference_system/dags/ml_pipeline_dag.py took 1.390 seconds
[2026-05-06T04:12:23.165+0000] {processor.py:186} INFO - Started process (PID=14133) to work on /home/ec2-user/environment/Asynchronous_AI_inference_system/dags/ml_pipeline_dag.py
[2026-05-06T04:12:23.166+0000] {processor.py:914} INFO - Processing file /home/ec2-user/environment/Asynchronous_AI_inference_system/dags/ml_pipeline_dag.py for tasks to queue
[2026-05-06T04:12:23.168+0000] {logging_mixin.py:190} INFO - [2026-05-06T04:12:23.167+0000] {dagbag.py:588} INFO - Filling up the DagBag from /home/ec2-user/environment/Asynchronous_AI_inference_system/dags/ml_pipeline_dag.py
[2026-05-06T04:12:24.496+0000] {processor.py:925} INFO - DAG(s) 'ml_training_pipeline' retrieved from /home/ec2-user/environment/Asynchronous_AI_inference_system/dags/ml_pipeline_dag.py
[2026-05-06T04:12:24.510+0000] {logging_mixin.py:190} INFO - [2026-05-06T04:12:24.509+0000] {dag.py:3239} INFO - Sync 1 DAGs
[2026-05-06T04:12:24.519+0000] {logging_mixin.py:190} INFO - [2026-05-06T04:12:24.519+0000] {dag.py:4180} INFO - Setting next_dagrun for ml_training_pipeline to None, run_after=None
[2026-05-06T04:12:24.536+0000] {processor.py:208} INFO - Processing /home/ec2-user/environment/Asynchronous_AI_inference_system/dags/ml_pipeline_dag.py took 1.376 seconds
