[2026-05-06T04:05:55.085+0000] {processor.py:186} INFO - Started process (PID=11439) to work on /home/ec2-user/environment/Asynchronous_AI_inference_system/dags/msg_sqs_dag.py
[2026-05-06T04:05:55.086+0000] {processor.py:914} INFO - Processing file /home/ec2-user/environment/Asynchronous_AI_inference_system/dags/msg_sqs_dag.py for tasks to queue
[2026-05-06T04:05:55.087+0000] {logging_mixin.py:190} INFO - [2026-05-06T04:05:55.087+0000] {dagbag.py:588} INFO - Filling up the DagBag from /home/ec2-user/environment/Asynchronous_AI_inference_system/dags/msg_sqs_dag.py
[2026-05-06T04:05:57.274+0000] {processor.py:925} INFO - DAG(s) 'msg_sqs_pipeline' retrieved from /home/ec2-user/environment/Asynchronous_AI_inference_system/dags/msg_sqs_dag.py
[2026-05-06T04:05:57.357+0000] {logging_mixin.py:190} INFO - [2026-05-06T04:05:57.356+0000] {override.py:1930} INFO - Created Permission View: can edit on DAG:msg_sqs_pipeline
[2026-05-06T04:05:57.369+0000] {logging_mixin.py:190} INFO - [2026-05-06T04:05:57.368+0000] {override.py:1930} INFO - Created Permission View: can read on DAG:msg_sqs_pipeline
[2026-05-06T04:05:57.378+0000] {logging_mixin.py:190} INFO - [2026-05-06T04:05:57.378+0000] {override.py:1930} INFO - Created Permission View: can delete on DAG:msg_sqs_pipeline
[2026-05-06T04:05:57.394+0000] {logging_mixin.py:190} INFO - [2026-05-06T04:05:57.394+0000] {override.py:1930} INFO - Created Permission View: can read on DAG Run:msg_sqs_pipeline
[2026-05-06T04:05:57.404+0000] {logging_mixin.py:190} INFO - [2026-05-06T04:05:57.404+0000] {override.py:1930} INFO - Created Permission View: can delete on DAG Run:msg_sqs_pipeline
[2026-05-06T04:05:57.414+0000] {logging_mixin.py:190} INFO - [2026-05-06T04:05:57.414+0000] {override.py:1930} INFO - Created Permission View: can create on DAG Run:msg_sqs_pipeline
[2026-05-06T04:05:57.424+0000] {logging_mixin.py:190} INFO - [2026-05-06T04:05:57.423+0000] {override.py:1930} INFO - Created Permission View: menu access on DAG Run:msg_sqs_pipeline
[2026-05-06T04:05:57.424+0000] {logging_mixin.py:190} INFO - [2026-05-06T04:05:57.424+0000] {dag.py:3239} INFO - Sync 1 DAGs
[2026-05-06T04:05:57.441+0000] {logging_mixin.py:190} INFO - [2026-05-06T04:05:57.440+0000] {dag.py:3262} INFO - Creating ORM DAG for msg_sqs_pipeline
[2026-05-06T04:05:57.444+0000] {logging_mixin.py:190} INFO - [2026-05-06T04:05:57.444+0000] {dag.py:4180} INFO - Setting next_dagrun for msg_sqs_pipeline to None, run_after=None
[2026-05-06T04:05:57.467+0000] {processor.py:208} INFO - Processing /home/ec2-user/environment/Asynchronous_AI_inference_system/dags/msg_sqs_dag.py took 2.386 seconds
[2026-05-06T04:06:28.804+0000] {processor.py:186} INFO - Started process (PID=11706) to work on /home/ec2-user/environment/Asynchronous_AI_inference_system/dags/msg_sqs_dag.py
[2026-05-06T04:06:28.805+0000] {processor.py:914} INFO - Processing file /home/ec2-user/environment/Asynchronous_AI_inference_system/dags/msg_sqs_dag.py for tasks to queue
[2026-05-06T04:06:28.806+0000] {logging_mixin.py:190} INFO - [2026-05-06T04:06:28.805+0000] {dagbag.py:588} INFO - Filling up the DagBag from /home/ec2-user/environment/Asynchronous_AI_inference_system/dags/msg_sqs_dag.py
[2026-05-06T04:06:30.096+0000] {processor.py:925} INFO - DAG(s) 'msg_sqs_pipeline' retrieved from /home/ec2-user/environment/Asynchronous_AI_inference_system/dags/msg_sqs_dag.py
[2026-05-06T04:06:30.108+0000] {logging_mixin.py:190} INFO - [2026-05-06T04:06:30.108+0000] {dag.py:3239} INFO - Sync 1 DAGs
[2026-05-06T04:06:30.117+0000] {logging_mixin.py:190} INFO - [2026-05-06T04:06:30.117+0000] {dag.py:4180} INFO - Setting next_dagrun for msg_sqs_pipeline to None, run_after=None
[2026-05-06T04:06:30.137+0000] {processor.py:208} INFO - Processing /home/ec2-user/environment/Asynchronous_AI_inference_system/dags/msg_sqs_dag.py took 1.337 seconds
[2026-05-06T04:07:04.339+0000] {processor.py:186} INFO - Started process (PID=11943) to work on /home/ec2-user/environment/Asynchronous_AI_inference_system/dags/msg_sqs_dag.py
[2026-05-06T04:07:04.340+0000] {processor.py:914} INFO - Processing file /home/ec2-user/environment/Asynchronous_AI_inference_system/dags/msg_sqs_dag.py for tasks to queue
[2026-05-06T04:07:04.341+0000] {logging_mixin.py:190} INFO - [2026-05-06T04:07:04.341+0000] {dagbag.py:588} INFO - Filling up the DagBag from /home/ec2-user/environment/Asynchronous_AI_inference_system/dags/msg_sqs_dag.py
[2026-05-06T04:07:05.766+0000] {processor.py:925} INFO - DAG(s) 'msg_sqs_pipeline' retrieved from /home/ec2-user/environment/Asynchronous_AI_inference_system/dags/msg_sqs_dag.py
[2026-05-06T04:07:05.779+0000] {logging_mixin.py:190} INFO - [2026-05-06T04:07:05.779+0000] {dag.py:3239} INFO - Sync 1 DAGs
[2026-05-06T04:07:05.788+0000] {logging_mixin.py:190} INFO - [2026-05-06T04:07:05.788+0000] {dag.py:4180} INFO - Setting next_dagrun for msg_sqs_pipeline to None, run_after=None
[2026-05-06T04:07:05.806+0000] {processor.py:208} INFO - Processing /home/ec2-user/environment/Asynchronous_AI_inference_system/dags/msg_sqs_dag.py took 1.472 seconds
[2026-05-06T04:07:36.583+0000] {processor.py:186} INFO - Started process (PID=12125) to work on /home/ec2-user/environment/Asynchronous_AI_inference_system/dags/msg_sqs_dag.py
[2026-05-06T04:07:36.584+0000] {processor.py:914} INFO - Processing file /home/ec2-user/environment/Asynchronous_AI_inference_system/dags/msg_sqs_dag.py for tasks to queue
[2026-05-06T04:07:36.585+0000] {logging_mixin.py:190} INFO - [2026-05-06T04:07:36.585+0000] {dagbag.py:588} INFO - Filling up the DagBag from /home/ec2-user/environment/Asynchronous_AI_inference_system/dags/msg_sqs_dag.py
[2026-05-06T04:07:37.870+0000] {processor.py:925} INFO - DAG(s) 'msg_sqs_pipeline' retrieved from /home/ec2-user/environment/Asynchronous_AI_inference_system/dags/msg_sqs_dag.py
[2026-05-06T04:07:37.883+0000] {logging_mixin.py:190} INFO - [2026-05-06T04:07:37.882+0000] {dag.py:3239} INFO - Sync 1 DAGs
[2026-05-06T04:07:37.892+0000] {logging_mixin.py:190} INFO - [2026-05-06T04:07:37.892+0000] {dag.py:4180} INFO - Setting next_dagrun for msg_sqs_pipeline to None, run_after=None
[2026-05-06T04:07:37.909+0000] {processor.py:208} INFO - Processing /home/ec2-user/environment/Asynchronous_AI_inference_system/dags/msg_sqs_dag.py took 1.331 seconds
[2026-05-06T04:08:08.763+0000] {processor.py:186} INFO - Started process (PID=12370) to work on /home/ec2-user/environment/Asynchronous_AI_inference_system/dags/msg_sqs_dag.py
[2026-05-06T04:08:08.764+0000] {processor.py:914} INFO - Processing file /home/ec2-user/environment/Asynchronous_AI_inference_system/dags/msg_sqs_dag.py for tasks to queue
[2026-05-06T04:08:08.765+0000] {logging_mixin.py:190} INFO - [2026-05-06T04:08:08.765+0000] {dagbag.py:588} INFO - Filling up the DagBag from /home/ec2-user/environment/Asynchronous_AI_inference_system/dags/msg_sqs_dag.py
[2026-05-06T04:08:10.067+0000] {processor.py:925} INFO - DAG(s) 'msg_sqs_pipeline' retrieved from /home/ec2-user/environment/Asynchronous_AI_inference_system/dags/msg_sqs_dag.py
[2026-05-06T04:08:10.080+0000] {logging_mixin.py:190} INFO - [2026-05-06T04:08:10.080+0000] {dag.py:3239} INFO - Sync 1 DAGs
[2026-05-06T04:08:10.090+0000] {logging_mixin.py:190} INFO - [2026-05-06T04:08:10.090+0000] {dag.py:4180} INFO - Setting next_dagrun for msg_sqs_pipeline to None, run_after=None
[2026-05-06T04:08:10.108+0000] {processor.py:208} INFO - Processing /home/ec2-user/environment/Asynchronous_AI_inference_system/dags/msg_sqs_dag.py took 1.350 seconds
[2026-05-06T04:08:40.363+0000] {processor.py:186} INFO - Started process (PID=12566) to work on /home/ec2-user/environment/Asynchronous_AI_inference_system/dags/msg_sqs_dag.py
[2026-05-06T04:08:40.364+0000] {processor.py:914} INFO - Processing file /home/ec2-user/environment/Asynchronous_AI_inference_system/dags/msg_sqs_dag.py for tasks to queue
[2026-05-06T04:08:40.365+0000] {logging_mixin.py:190} INFO - [2026-05-06T04:08:40.365+0000] {dagbag.py:588} INFO - Filling up the DagBag from /home/ec2-user/environment/Asynchronous_AI_inference_system/dags/msg_sqs_dag.py
[2026-05-06T04:08:41.778+0000] {processor.py:925} INFO - DAG(s) 'msg_sqs_pipeline' retrieved from /home/ec2-user/environment/Asynchronous_AI_inference_system/dags/msg_sqs_dag.py
[2026-05-06T04:08:41.791+0000] {logging_mixin.py:190} INFO - [2026-05-06T04:08:41.791+0000] {dag.py:3239} INFO - Sync 1 DAGs
[2026-05-06T04:08:41.800+0000] {logging_mixin.py:190} INFO - [2026-05-06T04:08:41.800+0000] {dag.py:4180} INFO - Setting next_dagrun for msg_sqs_pipeline to None, run_after=None
[2026-05-06T04:08:41.818+0000] {processor.py:208} INFO - Processing /home/ec2-user/environment/Asynchronous_AI_inference_system/dags/msg_sqs_dag.py took 1.459 seconds
[2026-05-06T04:09:11.979+0000] {processor.py:186} INFO - Started process (PID=12798) to work on /home/ec2-user/environment/Asynchronous_AI_inference_system/dags/msg_sqs_dag.py
[2026-05-06T04:09:11.980+0000] {processor.py:914} INFO - Processing file /home/ec2-user/environment/Asynchronous_AI_inference_system/dags/msg_sqs_dag.py for tasks to queue
[2026-05-06T04:09:11.981+0000] {logging_mixin.py:190} INFO - [2026-05-06T04:09:11.981+0000] {dagbag.py:588} INFO - Filling up the DagBag from /home/ec2-user/environment/Asynchronous_AI_inference_system/dags/msg_sqs_dag.py
[2026-05-06T04:09:13.338+0000] {processor.py:925} INFO - DAG(s) 'msg_sqs_pipeline' retrieved from /home/ec2-user/environment/Asynchronous_AI_inference_system/dags/msg_sqs_dag.py
[2026-05-06T04:09:13.351+0000] {logging_mixin.py:190} INFO - [2026-05-06T04:09:13.351+0000] {dag.py:3239} INFO - Sync 1 DAGs
[2026-05-06T04:09:13.361+0000] {logging_mixin.py:190} INFO - [2026-05-06T04:09:13.361+0000] {dag.py:4180} INFO - Setting next_dagrun for msg_sqs_pipeline to None, run_after=None
[2026-05-06T04:09:13.378+0000] {processor.py:208} INFO - Processing /home/ec2-user/environment/Asynchronous_AI_inference_system/dags/msg_sqs_dag.py took 1.407 seconds
[2026-05-06T04:09:43.575+0000] {processor.py:186} INFO - Started process (PID=12992) to work on /home/ec2-user/environment/Asynchronous_AI_inference_system/dags/msg_sqs_dag.py
[2026-05-06T04:09:43.576+0000] {processor.py:914} INFO - Processing file /home/ec2-user/environment/Asynchronous_AI_inference_system/dags/msg_sqs_dag.py for tasks to queue
[2026-05-06T04:09:43.578+0000] {logging_mixin.py:190} INFO - [2026-05-06T04:09:43.577+0000] {dagbag.py:588} INFO - Filling up the DagBag from /home/ec2-user/environment/Asynchronous_AI_inference_system/dags/msg_sqs_dag.py
[2026-05-06T04:09:44.895+0000] {processor.py:925} INFO - DAG(s) 'msg_sqs_pipeline' retrieved from /home/ec2-user/environment/Asynchronous_AI_inference_system/dags/msg_sqs_dag.py
[2026-05-06T04:09:44.907+0000] {logging_mixin.py:190} INFO - [2026-05-06T04:09:44.907+0000] {dag.py:3239} INFO - Sync 1 DAGs
[2026-05-06T04:09:44.917+0000] {logging_mixin.py:190} INFO - [2026-05-06T04:09:44.916+0000] {dag.py:4180} INFO - Setting next_dagrun for msg_sqs_pipeline to None, run_after=None
[2026-05-06T04:09:44.935+0000] {processor.py:208} INFO - Processing /home/ec2-user/environment/Asynchronous_AI_inference_system/dags/msg_sqs_dag.py took 1.364 seconds
[2026-05-06T04:10:15.153+0000] {processor.py:186} INFO - Started process (PID=13254) to work on /home/ec2-user/environment/Asynchronous_AI_inference_system/dags/msg_sqs_dag.py
[2026-05-06T04:10:15.154+0000] {processor.py:914} INFO - Processing file /home/ec2-user/environment/Asynchronous_AI_inference_system/dags/msg_sqs_dag.py for tasks to queue
[2026-05-06T04:10:15.155+0000] {logging_mixin.py:190} INFO - [2026-05-06T04:10:15.155+0000] {dagbag.py:588} INFO - Filling up the DagBag from /home/ec2-user/environment/Asynchronous_AI_inference_system/dags/msg_sqs_dag.py
[2026-05-06T04:10:16.442+0000] {processor.py:925} INFO - DAG(s) 'msg_sqs_pipeline' retrieved from /home/ec2-user/environment/Asynchronous_AI_inference_system/dags/msg_sqs_dag.py
[2026-05-06T04:10:16.455+0000] {logging_mixin.py:190} INFO - [2026-05-06T04:10:16.455+0000] {dag.py:3239} INFO - Sync 1 DAGs
[2026-05-06T04:10:16.464+0000] {logging_mixin.py:190} INFO - [2026-05-06T04:10:16.464+0000] {dag.py:4180} INFO - Setting next_dagrun for msg_sqs_pipeline to None, run_after=None
[2026-05-06T04:10:16.482+0000] {processor.py:208} INFO - Processing /home/ec2-user/environment/Asynchronous_AI_inference_system/dags/msg_sqs_dag.py took 1.333 seconds
[2026-05-06T04:10:46.744+0000] {processor.py:186} INFO - Started process (PID=13446) to work on /home/ec2-user/environment/Asynchronous_AI_inference_system/dags/msg_sqs_dag.py
[2026-05-06T04:10:46.746+0000] {processor.py:914} INFO - Processing file /home/ec2-user/environment/Asynchronous_AI_inference_system/dags/msg_sqs_dag.py for tasks to queue
[2026-05-06T04:10:46.747+0000] {logging_mixin.py:190} INFO - [2026-05-06T04:10:46.747+0000] {dagbag.py:588} INFO - Filling up the DagBag from /home/ec2-user/environment/Asynchronous_AI_inference_system/dags/msg_sqs_dag.py
[2026-05-06T04:10:48.028+0000] {processor.py:925} INFO - DAG(s) 'msg_sqs_pipeline' retrieved from /home/ec2-user/environment/Asynchronous_AI_inference_system/dags/msg_sqs_dag.py
[2026-05-06T04:10:48.040+0000] {logging_mixin.py:190} INFO - [2026-05-06T04:10:48.040+0000] {dag.py:3239} INFO - Sync 1 DAGs
[2026-05-06T04:10:48.049+0000] {logging_mixin.py:190} INFO - [2026-05-06T04:10:48.049+0000] {dag.py:4180} INFO - Setting next_dagrun for msg_sqs_pipeline to None, run_after=None
[2026-05-06T04:10:48.067+0000] {processor.py:208} INFO - Processing /home/ec2-user/environment/Asynchronous_AI_inference_system/dags/msg_sqs_dag.py took 1.327 seconds
[2026-05-06T04:11:18.254+0000] {processor.py:186} INFO - Started process (PID=13659) to work on /home/ec2-user/environment/Asynchronous_AI_inference_system/dags/msg_sqs_dag.py
[2026-05-06T04:11:18.255+0000] {processor.py:914} INFO - Processing file /home/ec2-user/environment/Asynchronous_AI_inference_system/dags/msg_sqs_dag.py for tasks to queue
[2026-05-06T04:11:18.256+0000] {logging_mixin.py:190} INFO - [2026-05-06T04:11:18.256+0000] {dagbag.py:588} INFO - Filling up the DagBag from /home/ec2-user/environment/Asynchronous_AI_inference_system/dags/msg_sqs_dag.py
[2026-05-06T04:11:19.531+0000] {processor.py:925} INFO - DAG(s) 'msg_sqs_pipeline' retrieved from /home/ec2-user/environment/Asynchronous_AI_inference_system/dags/msg_sqs_dag.py
[2026-05-06T04:11:19.543+0000] {logging_mixin.py:190} INFO - [2026-05-06T04:11:19.543+0000] {dag.py:3239} INFO - Sync 1 DAGs
[2026-05-06T04:11:19.552+0000] {logging_mixin.py:190} INFO - [2026-05-06T04:11:19.552+0000] {dag.py:4180} INFO - Setting next_dagrun for msg_sqs_pipeline to None, run_after=None
[2026-05-06T04:11:19.570+0000] {processor.py:208} INFO - Processing /home/ec2-user/environment/Asynchronous_AI_inference_system/dags/msg_sqs_dag.py took 1.321 seconds
[2026-05-06T04:11:49.885+0000] {processor.py:186} INFO - Started process (PID=13894) to work on /home/ec2-user/environment/Asynchronous_AI_inference_system/dags/msg_sqs_dag.py
[2026-05-06T04:11:49.885+0000] {processor.py:914} INFO - Processing file /home/ec2-user/environment/Asynchronous_AI_inference_system/dags/msg_sqs_dag.py for tasks to queue
[2026-05-06T04:11:49.887+0000] {logging_mixin.py:190} INFO - [2026-05-06T04:11:49.886+0000] {dagbag.py:588} INFO - Filling up the DagBag from /home/ec2-user/environment/Asynchronous_AI_inference_system/dags/msg_sqs_dag.py
[2026-05-06T04:11:51.169+0000] {processor.py:925} INFO - DAG(s) 'msg_sqs_pipeline' retrieved from /home/ec2-user/environment/Asynchronous_AI_inference_system/dags/msg_sqs_dag.py
[2026-05-06T04:11:51.182+0000] {logging_mixin.py:190} INFO - [2026-05-06T04:11:51.181+0000] {dag.py:3239} INFO - Sync 1 DAGs
[2026-05-06T04:11:51.191+0000] {logging_mixin.py:190} INFO - [2026-05-06T04:11:51.191+0000] {dag.py:4180} INFO - Setting next_dagrun for msg_sqs_pipeline to None, run_after=None
[2026-05-06T04:11:51.216+0000] {processor.py:208} INFO - Processing /home/ec2-user/environment/Asynchronous_AI_inference_system/dags/msg_sqs_dag.py took 1.336 seconds
[2026-05-06T04:12:21.363+0000] {processor.py:186} INFO - Started process (PID=14103) to work on /home/ec2-user/environment/Asynchronous_AI_inference_system/dags/msg_sqs_dag.py
[2026-05-06T04:12:21.364+0000] {processor.py:914} INFO - Processing file /home/ec2-user/environment/Asynchronous_AI_inference_system/dags/msg_sqs_dag.py for tasks to queue
[2026-05-06T04:12:21.366+0000] {logging_mixin.py:190} INFO - [2026-05-06T04:12:21.366+0000] {dagbag.py:588} INFO - Filling up the DagBag from /home/ec2-user/environment/Asynchronous_AI_inference_system/dags/msg_sqs_dag.py
[2026-05-06T04:12:22.730+0000] {processor.py:925} INFO - DAG(s) 'msg_sqs_pipeline' retrieved from /home/ec2-user/environment/Asynchronous_AI_inference_system/dags/msg_sqs_dag.py
[2026-05-06T04:12:22.746+0000] {logging_mixin.py:190} INFO - [2026-05-06T04:12:22.745+0000] {dag.py:3239} INFO - Sync 1 DAGs
[2026-05-06T04:12:22.762+0000] {logging_mixin.py:190} INFO - [2026-05-06T04:12:22.761+0000] {dag.py:4180} INFO - Setting next_dagrun for msg_sqs_pipeline to None, run_after=None
[2026-05-06T04:12:22.782+0000] {processor.py:208} INFO - Processing /home/ec2-user/environment/Asynchronous_AI_inference_system/dags/msg_sqs_dag.py took 1.424 seconds
